<?xml version="1.0"?>
<link_info>
   <banner>TI ARM Linker PC v5.1.5</banner>
   <copyright>Copyright (c) 1996-2014 Texas Instruments Incorporated</copyright>
   <link_time>0x664b2d6d</link_time>
   <link_errors>0x0</link_errors>
   <output_file>basic_freertos_demo.out</output_file>
   <entry_point>
      <name>_c_int00</name>
      <address>0x6c19</address>
   </entry_point>
   <input_file_list>
      <input_file id="fl-2">
         <path>.\drivers\</path>
         <kind>object</kind>
         <file>touch.obj</file>
         <name>touch.obj</name>
      </input_file>
      <input_file id="fl-3">
         <path>.\drivers\</path>
         <kind>object</kind>
         <file>pinout.obj</file>
         <name>pinout.obj</name>
      </input_file>
      <input_file id="fl-4">
         <path>.\drivers\</path>
         <kind>object</kind>
         <file>kentec320x240x16_ssd2119.obj</file>
         <name>kentec320x240x16_ssd2119.obj</name>
      </input_file>
      <input_file id="fl-5">
         <path>.\drivers\</path>
         <kind>object</kind>
         <file>frame.obj</file>
         <name>frame.obj</name>
      </input_file>
      <input_file id="fl-6">
         <path>.\third_party\FreeRTOS\Source\portable\CCS\ARM_CM4F\</path>
         <kind>object</kind>
         <file>portasm.obj</file>
         <name>portasm.obj</name>
      </input_file>
      <input_file id="fl-7">
         <path>.\third_party\FreeRTOS\Source\portable\CCS\ARM_CM4F\</path>
         <kind>object</kind>
         <file>port.obj</file>
         <name>port.obj</name>
      </input_file>
      <input_file id="fl-8">
         <path>.\third_party\FreeRTOS\Source\portable\MemMang\</path>
         <kind>object</kind>
         <file>heap_2.obj</file>
         <name>heap_2.obj</name>
      </input_file>
      <input_file id="fl-9">
         <path>.\third_party\FreeRTOS\Source\</path>
         <kind>object</kind>
         <file>timers.obj</file>
         <name>timers.obj</name>
      </input_file>
      <input_file id="fl-a">
         <path>.\third_party\FreeRTOS\Source\</path>
         <kind>object</kind>
         <file>tasks.obj</file>
         <name>tasks.obj</name>
      </input_file>
      <input_file id="fl-b">
         <path>.\third_party\FreeRTOS\Source\</path>
         <kind>object</kind>
         <file>queue.obj</file>
         <name>queue.obj</name>
      </input_file>
      <input_file id="fl-c">
         <path>.\third_party\FreeRTOS\Source\</path>
         <kind>object</kind>
         <file>list.obj</file>
         <name>list.obj</name>
      </input_file>
      <input_file id="fl-d">
         <path>.\third_party\FreeRTOS\Source\</path>
         <kind>object</kind>
         <file>croutine.obj</file>
         <name>croutine.obj</name>
      </input_file>
      <input_file id="fl-e">
         <path>.\third_party\lwip-1.4.1\apps\httpserver_raw\</path>
         <kind>object</kind>
         <file>httpd.obj</file>
         <name>httpd.obj</name>
      </input_file>
      <input_file id="fl-f">
         <path>.\utils\</path>
         <kind>object</kind>
         <file>ustdlib.obj</file>
         <name>ustdlib.obj</name>
      </input_file>
      <input_file id="fl-10">
         <path>.\utils\</path>
         <kind>object</kind>
         <file>lwiplib.obj</file>
         <name>lwiplib.obj</name>
      </input_file>
      <input_file id="fl-11">
         <path>.\utils\</path>
         <kind>object</kind>
         <file>locator.obj</file>
         <name>locator.obj</name>
      </input_file>
      <input_file id="fl-12">
         <path>.\</path>
         <kind>object</kind>
         <file>startup_ccs.obj</file>
         <name>startup_ccs.obj</name>
      </input_file>
      <input_file id="fl-13">
         <path>.\</path>
         <kind>object</kind>
         <file>lwip_task.obj</file>
         <name>lwip_task.obj</name>
      </input_file>
      <input_file id="fl-14">
         <path>.\</path>
         <kind>object</kind>
         <file>fs.obj</file>
         <name>fs.obj</name>
      </input_file>
      <input_file id="fl-15">
         <path>.\</path>
         <kind>object</kind>
         <file>freertos_demo.obj</file>
         <name>freertos_demo.obj</name>
      </input_file>
      <input_file id="fl-144">
         <path>c:\ti\ccsv6\tools\compiler\arm_5.1.5\lib\</path>
         <kind>archive</kind>
         <file>rtsv7M4_T_le_v4SPD16_eabi.lib</file>
         <name>boot.obj</name>
      </input_file>
      <input_file id="fl-145">
         <path>c:\ti\ccsv6\tools\compiler\arm_5.1.5\lib\</path>
         <kind>archive</kind>
         <file>rtsv7M4_T_le_v4SPD16_eabi.lib</file>
         <name>copy_decompress_none.obj</name>
      </input_file>
      <input_file id="fl-146">
         <path>c:\ti\ccsv6\tools\compiler\arm_5.1.5\lib\</path>
         <kind>archive</kind>
         <file>rtsv7M4_T_le_v4SPD16_eabi.lib</file>
         <name>copy_decompress_rle.obj</name>
      </input_file>
      <input_file id="fl-147">
         <path>c:\ti\ccsv6\tools\compiler\arm_5.1.5\lib\</path>
         <kind>archive</kind>
         <file>rtsv7M4_T_le_v4SPD16_eabi.lib</file>
         <name>copy_zero_init.obj</name>
      </input_file>
      <input_file id="fl-148">
         <path>c:\ti\ccsv6\tools\compiler\arm_5.1.5\lib\</path>
         <kind>archive</kind>
         <file>rtsv7M4_T_le_v4SPD16_eabi.lib</file>
         <name>exit.obj</name>
      </input_file>
      <input_file id="fl-149">
         <path>c:\ti\ccsv6\tools\compiler\arm_5.1.5\lib\</path>
         <kind>archive</kind>
         <file>rtsv7M4_T_le_v4SPD16_eabi.lib</file>
         <name>memcmp.obj</name>
      </input_file>
      <input_file id="fl-14a">
         <path>c:\ti\ccsv6\tools\compiler\arm_5.1.5\lib\</path>
         <kind>archive</kind>
         <file>rtsv7M4_T_le_v4SPD16_eabi.lib</file>
         <name>memcpy_t2.obj</name>
      </input_file>
      <input_file id="fl-14b">
         <path>c:\ti\ccsv6\tools\compiler\arm_5.1.5\lib\</path>
         <kind>archive</kind>
         <file>rtsv7M4_T_le_v4SPD16_eabi.lib</file>
         <name>memset_t2.obj</name>
      </input_file>
      <input_file id="fl-14c">
         <path>c:\ti\ccsv6\tools\compiler\arm_5.1.5\lib\</path>
         <kind>archive</kind>
         <file>rtsv7M4_T_le_v4SPD16_eabi.lib</file>
         <name>stkdepth_vars.obj</name>
      </input_file>
      <input_file id="fl-14d">
         <path>c:\ti\ccsv6\tools\compiler\arm_5.1.5\lib\</path>
         <kind>archive</kind>
         <file>rtsv7M4_T_le_v4SPD16_eabi.lib</file>
         <name>strchr.obj</name>
      </input_file>
      <input_file id="fl-14e">
         <path>c:\ti\ccsv6\tools\compiler\arm_5.1.5\lib\</path>
         <kind>archive</kind>
         <file>rtsv7M4_T_le_v4SPD16_eabi.lib</file>
         <name>strcmp.obj</name>
      </input_file>
      <input_file id="fl-14f">
         <path>c:\ti\ccsv6\tools\compiler\arm_5.1.5\lib\</path>
         <kind>archive</kind>
         <file>rtsv7M4_T_le_v4SPD16_eabi.lib</file>
         <name>strlen.obj</name>
      </input_file>
      <input_file id="fl-150">
         <path>c:\ti\ccsv6\tools\compiler\arm_5.1.5\lib\</path>
         <kind>archive</kind>
         <file>rtsv7M4_T_le_v4SPD16_eabi.lib</file>
         <name>strncmp.obj</name>
      </input_file>
      <input_file id="fl-151">
         <path>c:\ti\ccsv6\tools\compiler\arm_5.1.5\lib\</path>
         <kind>archive</kind>
         <file>rtsv7M4_T_le_v4SPD16_eabi.lib</file>
         <name>strstr.obj</name>
      </input_file>
      <input_file id="fl-152">
         <path>c:\ti\ccsv6\tools\compiler\arm_5.1.5\lib\</path>
         <kind>archive</kind>
         <file>rtsv7M4_T_le_v4SPD16_eabi.lib</file>
         <name>u_divt2.obj</name>
      </input_file>
      <input_file id="fl-153">
         <path>c:\ti\ccsv6\tools\compiler\arm_5.1.5\lib\</path>
         <kind>archive</kind>
         <file>rtsv7M4_T_le_v4SPD16_eabi.lib</file>
         <name>_lock.obj</name>
      </input_file>
      <input_file id="fl-154">
         <path>c:\ti\ccsv6\tools\compiler\arm_5.1.5\lib\</path>
         <kind>archive</kind>
         <file>rtsv7M4_T_le_v4SPD16_eabi.lib</file>
         <name>args_main.obj</name>
      </input_file>
      <input_file id="fl-155">
         <path>c:\ti\ccsv6\tools\compiler\arm_5.1.5\lib\</path>
         <kind>archive</kind>
         <file>rtsv7M4_T_le_v4SPD16_eabi.lib</file>
         <name>auto_init.obj</name>
      </input_file>
      <input_file id="fl-156">
         <path>c:\ti\ccsv6\tools\compiler\arm_5.1.5\lib\</path>
         <kind>archive</kind>
         <file>rtsv7M4_T_le_v4SPD16_eabi.lib</file>
         <name>cpy_tbl.obj</name>
      </input_file>
      <input_file id="fl-157">
         <path>C:\ti\TivaWare_C_Series-2.0.1.11577\driverlib\ccs\Debug\</path>
         <kind>archive</kind>
         <file>driverlib.lib</file>
         <name>timer.obj</name>
      </input_file>
      <input_file id="fl-158">
         <path>C:\ti\TivaWare_C_Series-2.0.1.11577\driverlib\ccs\Debug\</path>
         <kind>archive</kind>
         <file>driverlib.lib</file>
         <name>sysctl.obj</name>
      </input_file>
      <input_file id="fl-159">
         <path>C:\ti\TivaWare_C_Series-2.0.1.11577\driverlib\ccs\Debug\</path>
         <kind>archive</kind>
         <file>driverlib.lib</file>
         <name>lcd.obj</name>
      </input_file>
      <input_file id="fl-15a">
         <path>C:\ti\TivaWare_C_Series-2.0.1.11577\driverlib\ccs\Debug\</path>
         <kind>archive</kind>
         <file>driverlib.lib</file>
         <name>interrupt.obj</name>
      </input_file>
      <input_file id="fl-15b">
         <path>C:\ti\TivaWare_C_Series-2.0.1.11577\driverlib\ccs\Debug\</path>
         <kind>archive</kind>
         <file>driverlib.lib</file>
         <name>gpio.obj</name>
      </input_file>
      <input_file id="fl-15c">
         <path>C:\ti\TivaWare_C_Series-2.0.1.11577\driverlib\ccs\Debug\</path>
         <kind>archive</kind>
         <file>driverlib.lib</file>
         <name>emac.obj</name>
      </input_file>
      <input_file id="fl-15d">
         <path>C:\ti\TivaWare_C_Series-2.0.1.11577\driverlib\ccs\Debug\</path>
         <kind>archive</kind>
         <file>driverlib.lib</file>
         <name>cpu.obj</name>
      </input_file>
      <input_file id="fl-15e">
         <path>C:\ti\TivaWare_C_Series-2.0.1.11577\driverlib\ccs\Debug\</path>
         <kind>archive</kind>
         <file>driverlib.lib</file>
         <name>sw_crc.obj</name>
      </input_file>
      <input_file id="fl-15f">
         <path>C:\ti\TivaWare_C_Series-2.0.1.11577\grlib\ccs\Debug\</path>
         <kind>archive</kind>
         <file>grlib.lib</file>
         <name>fontcmss18b.obj</name>
      </input_file>
      <input_file id="fl-160">
         <path>C:\ti\TivaWare_C_Series-2.0.1.11577\grlib\ccs\Debug\</path>
         <kind>archive</kind>
         <file>grlib.lib</file>
         <name>string.obj</name>
      </input_file>
      <input_file id="fl-161">
         <path>C:\ti\TivaWare_C_Series-2.0.1.11577\grlib\ccs\Debug\</path>
         <kind>archive</kind>
         <file>grlib.lib</file>
         <name>image.obj</name>
      </input_file>
      <input_file id="fl-162">
         <path>C:\ti\TivaWare_C_Series-2.0.1.11577\grlib\ccs\Debug\</path>
         <kind>archive</kind>
         <file>grlib.lib</file>
         <name>context.obj</name>
      </input_file>
      <input_file id="fl-163">
         <path>C:\ti\TivaWare_C_Series-2.0.1.11577\grlib\ccs\Debug\</path>
         <kind>archive</kind>
         <file>grlib.lib</file>
         <name>charmap.obj</name>
      </input_file>
   </input_file_list>
   <object_component_list>
      <object_component id="oc-e">
         <name>.intvecs</name>
         <load_address>0x0</load_address>
         <run_address>0x0</run_address>
         <size>0x200</size>
         <input_file_ref idref="fl-12"/>
      </object_component>
      <object_component id="oc-1d9">
         <name>.text:PinoutSet</name>
         <load_address>0x3b90</load_address>
         <run_address>0x3b90</run_address>
         <size>0x4c8</size>
         <input_file_ref idref="fl-3"/>
      </object_component>
      <object_component id="oc-1e3">
         <name>.text:Kentec320x240x16_SSD2119Init</name>
         <load_address>0x4058</load_address>
         <run_address>0x4058</run_address>
         <size>0x488</size>
         <input_file_ref idref="fl-4"/>
      </object_component>
      <object_component id="oc-3dd">
         <name>.text:InternalImageDraw</name>
         <load_address>0x44e0</load_address>
         <run_address>0x44e0</run_address>
         <size>0x374</size>
         <input_file_ref idref="fl-161"/>
      </object_component>
      <object_component id="oc-487">
         <name>.text:PixelTransparentDraw</name>
         <load_address>0x4854</load_address>
         <run_address>0x4854</run_address>
         <size>0x2ba</size>
         <input_file_ref idref="fl-161"/>
      </object_component>
      <object_component id="oc-3c1">
         <name>.text:GrFontGlyphRender</name>
         <load_address>0x4b0e</load_address>
         <run_address>0x4b0e</run_address>
         <size>0x266</size>
         <input_file_ref idref="fl-160"/>
      </object_component>
      <object_component id="oc-4e9">
         <name>.text:uvsnprintf</name>
         <load_address>0x4d74</load_address>
         <run_address>0x4d74</run_address>
         <size>0x245</size>
         <input_file_ref idref="fl-f"/>
      </object_component>
      <object_component id="oc-2e">
         <name>.text:FaultISR</name>
         <load_address>0x4fba</load_address>
         <run_address>0x4fba</run_address>
         <size>0x2</size>
         <input_file_ref idref="fl-12"/>
      </object_component>
      <object_component id="oc-1ed">
         <name>.text:FrameDraw</name>
         <load_address>0x4fbc</load_address>
         <run_address>0x4fbc</run_address>
         <size>0x200</size>
         <input_file_ref idref="fl-5"/>
      </object_component>
      <object_component id="oc-329">
         <name>.text:Kentec320x240x16_SSD2119PixelDrawMultiple</name>
         <load_address>0x51bc</load_address>
         <run_address>0x51bc</run_address>
         <size>0x1c4</size>
         <input_file_ref idref="fl-4"/>
      </object_component>
      <object_component id="oc-338">
         <name>.text:Kentec320x240x16_SSD2119RectFill</name>
         <load_address>0x5380</load_address>
         <run_address>0x5380</run_address>
         <size>0x184</size>
         <input_file_ref idref="fl-4"/>
      </object_component>
      <object_component id="oc-8f">
         <name>.text:TouchScreenDebouncer</name>
         <load_address>0x5504</load_address>
         <run_address>0x5504</run_address>
         <size>0x17c</size>
         <input_file_ref idref="fl-2"/>
      </object_component>
      <object_component id="oc-41">
         <name>.text:TouchScreenIntHandler</name>
         <load_address>0x5680</load_address>
         <run_address>0x5680</run_address>
         <size>0x140</size>
         <input_file_ref idref="fl-2"/>
      </object_component>
      <object_component id="oc-384">
         <name>.text:GPIOPadConfigSet</name>
         <load_address>0x57c0</load_address>
         <run_address>0x57c0</run_address>
         <size>0x130</size>
         <input_file_ref idref="fl-15b"/>
      </object_component>
      <object_component id="oc-89">
         <name>.text:xTaskIncrementTick</name>
         <load_address>0x58f0</load_address>
         <run_address>0x58f0</run_address>
         <size>0x114</size>
         <input_file_ref idref="fl-a"/>
      </object_component>
      <object_component id="oc-429">
         <name>.text:xQueueGenericReceive</name>
         <load_address>0x5a04</load_address>
         <run_address>0x5a04</run_address>
         <size>0x100</size>
         <input_file_ref idref="fl-b"/>
      </object_component>
      <object_component id="oc-c3">
         <name>.text:main</name>
         <load_address>0x5b04</load_address>
         <run_address>0x5b04</run_address>
         <size>0xfc</size>
         <input_file_ref idref="fl-15"/>
      </object_component>
      <object_component id="oc-2ee">
         <name>.text:xTaskGenericCreate</name>
         <load_address>0x5c00</load_address>
         <run_address>0x5c00</run_address>
         <size>0xe0</size>
         <input_file_ref idref="fl-a"/>
      </object_component>
      <object_component id="oc-394">
         <name>.text:xTaskResumeAll</name>
         <load_address>0x5ce0</load_address>
         <run_address>0x5ce0</run_address>
         <size>0xd0</size>
         <input_file_ref idref="fl-a"/>
      </object_component>
      <object_component id="oc-2be">
         <name>.text:GrDefaultStringRenderer</name>
         <load_address>0x5db0</load_address>
         <run_address>0x5db0</run_address>
         <size>0xca</size>
         <input_file_ref idref="fl-160"/>
      </object_component>
      <object_component id="oc-41d">
         <name>.text:xQueueGenericSend</name>
         <load_address>0x5e7a</load_address>
         <run_address>0x5e7a</run_address>
         <size>0xc6</size>
         <input_file_ref idref="fl-b"/>
      </object_component>
      <object_component id="oc-32e">
         <name>.text:Kentec320x240x16_SSD2119LineDrawH</name>
         <load_address>0x5f40</load_address>
         <run_address>0x5f40</run_address>
         <size>0xb0</size>
         <input_file_ref idref="fl-4"/>
      </object_component>
      <object_component id="oc-333">
         <name>.text:Kentec320x240x16_SSD2119LineDrawV</name>
         <load_address>0x5ff0</load_address>
         <run_address>0x5ff0</run_address>
         <size>0xb0</size>
         <input_file_ref idref="fl-4"/>
      </object_component>
      <object_component id="oc-27e">
         <name>.text:pvPortMalloc</name>
         <load_address>0x60a0</load_address>
         <run_address>0x60a0</run_address>
         <size>0xac</size>
         <input_file_ref idref="fl-8"/>
      </object_component>
      <object_component id="oc-38">
         <name>.text</name>
         <load_address>0x614c</load_address>
         <run_address>0x614c</run_address>
         <size>0xa6</size>
         <input_file_ref idref="fl-6"/>
      </object_component>
      <object_component id="oc-5f">
         <name>.text</name>
         <load_address>0x61f2</load_address>
         <run_address>0x61f2</run_address>
         <size>0x9c</size>
         <input_file_ref idref="fl-14a"/>
      </object_component>
      <object_component id="oc-33">
         <name>.text:IntDefaultHandler</name>
         <load_address>0x628e</load_address>
         <run_address>0x628e</run_address>
         <size>0x2</size>
         <input_file_ref idref="fl-12"/>
      </object_component>
      <object_component id="oc-83">
         <name>.text:vTaskSwitchContext</name>
         <load_address>0x6290</load_address>
         <run_address>0x6290</run_address>
         <size>0x9c</size>
         <input_file_ref idref="fl-a"/>
      </object_component>
      <object_component id="oc-4e">
         <name>.text</name>
         <load_address>0x632c</load_address>
         <run_address>0x632c</run_address>
         <size>0x94</size>
         <input_file_ref idref="fl-155"/>
      </object_component>
      <object_component id="oc-324">
         <name>.text:Kentec320x240x16_SSD2119PixelDraw</name>
         <load_address>0x63c0</load_address>
         <run_address>0x63c0</run_address>
         <size>0x78</size>
         <input_file_ref idref="fl-4"/>
      </object_component>
      <object_component id="oc-46">
         <name>.text:lwIPEthernetIntHandler</name>
         <load_address>0x6438</load_address>
         <run_address>0x6438</run_address>
         <size>0x78</size>
         <input_file_ref idref="fl-10"/>
      </object_component>
      <object_component id="oc-4a0">
         <name>.text</name>
         <load_address>0x64b0</load_address>
         <run_address>0x64b0</run_address>
         <size>0x78</size>
         <input_file_ref idref="fl-14b"/>
      </object_component>
      <object_component id="oc-288">
         <name>.text:xQueueGenericReset</name>
         <load_address>0x6528</load_address>
         <run_address>0x6528</run_address>
         <size>0x70</size>
         <input_file_ref idref="fl-b"/>
      </object_component>
      <object_component id="oc-128">
         <name>.text:xTaskRemoveFromEventList</name>
         <load_address>0x6598</load_address>
         <run_address>0x6598</run_address>
         <size>0x70</size>
         <input_file_ref idref="fl-a"/>
      </object_component>
      <object_component id="oc-4d9">
         <name>.text:vTaskPriorityInherit</name>
         <load_address>0x6608</load_address>
         <run_address>0x6608</run_address>
         <size>0x6c</size>
         <input_file_ref idref="fl-a"/>
      </object_component>
      <object_component id="oc-206">
         <name>.text:GrStringWidthGet</name>
         <load_address>0x6674</load_address>
         <run_address>0x6674</run_address>
         <size>0x6a</size>
         <input_file_ref idref="fl-160"/>
      </object_component>
      <object_component id="oc-123">
         <name>.text:prvCopyDataToQueue</name>
         <load_address>0x66de</load_address>
         <run_address>0x66de</run_address>
         <size>0x6a</size>
         <input_file_ref idref="fl-b"/>
      </object_component>
      <object_component id="oc-1e8">
         <name>.text:GrContextInit</name>
         <load_address>0x6748</load_address>
         <run_address>0x6748</run_address>
         <size>0x64</size>
         <input_file_ref idref="fl-162"/>
      </object_component>
      <object_component id="oc-2c9">
         <name>.text:GrContextClipRegionSet</name>
         <load_address>0x67ac</load_address>
         <run_address>0x67ac</run_address>
         <size>0x62</size>
         <input_file_ref idref="fl-162"/>
      </object_component>
      <object_component id="oc-4be">
         <name>.text:prvUnlockQueue</name>
         <load_address>0x680e</load_address>
         <run_address>0x680e</run_address>
         <size>0x62</size>
         <input_file_ref idref="fl-b"/>
      </object_component>
      <object_component id="oc-417">
         <name>.text:prvInitialiseTaskLists</name>
         <load_address>0x6870</load_address>
         <run_address>0x6870</run_address>
         <size>0x60</size>
         <input_file_ref idref="fl-a"/>
      </object_component>
      <object_component id="oc-71">
         <name>.text</name>
         <load_address>0x68d0</load_address>
         <run_address>0x68d0</run_address>
         <size>0x5e</size>
         <input_file_ref idref="fl-146"/>
      </object_component>
      <object_component id="oc-449">
         <name>.text:FontWideGlyphDataGet</name>
         <load_address>0x692e</load_address>
         <run_address>0x692e</run_address>
         <size>0x5c</size>
         <input_file_ref idref="fl-160"/>
      </object_component>
      <object_component id="oc-342">
         <name>.text:Kentec320x240x16_SSD2119Flush</name>
         <load_address>0x698a</load_address>
         <run_address>0x698a</run_address>
         <size>0x2</size>
         <input_file_ref idref="fl-4"/>
      </object_component>
      <object_component id="oc-43d">
         <name>.text:prvCheckTasksWaitingTermination</name>
         <load_address>0x698c</load_address>
         <run_address>0x698c</run_address>
         <size>0x58</size>
         <input_file_ref idref="fl-a"/>
      </object_component>
      <object_component id="oc-9e">
         <name>.text:xQueueGenericSendFromISR</name>
         <load_address>0x69e4</load_address>
         <run_address>0x69e4</run_address>
         <size>0x56</size>
         <input_file_ref idref="fl-b"/>
      </object_component>
      <object_component id="oc-29">
         <name>.text:NmiSR</name>
         <load_address>0x6a3a</load_address>
         <run_address>0x6a3a</run_address>
         <size>0x2</size>
         <input_file_ref idref="fl-12"/>
      </object_component>
      <object_component id="oc-2f9">
         <name>.text:vDisplayTask</name>
         <load_address>0x6a3c</load_address>
         <run_address>0x6a3c</run_address>
         <size>0x54</size>
         <input_file_ref idref="fl-15"/>
      </object_component>
      <object_component id="oc-4b9">
         <name>.text:xTaskCheckForTimeOut</name>
         <load_address>0x6a90</load_address>
         <run_address>0x6a90</run_address>
         <size>0x54</size>
         <input_file_ref idref="fl-a"/>
      </object_component>
      <object_component id="oc-40d">
         <name>.text:prvInitialiseTCBVariables</name>
         <load_address>0x6ae4</load_address>
         <run_address>0x6ae4</run_address>
         <size>0x4e</size>
         <input_file_ref idref="fl-a"/>
      </object_component>
      <object_component id="oc-442">
         <name>.text:vApplicationIdleHook</name>
         <load_address>0x6b32</load_address>
         <run_address>0x6b32</run_address>
         <size>0x2</size>
         <input_file_ref idref="fl-13"/>
      </object_component>
      <object_component id="oc-4ce">
         <name>.text:prvAddCurrentTaskToDelayedList</name>
         <load_address>0x6b34</load_address>
         <run_address>0x6b34</run_address>
         <size>0x4c</size>
         <input_file_ref idref="fl-a"/>
      </object_component>
      <object_component id="oc-1de">
         <name>.text:xQueueGenericCreate</name>
         <load_address>0x6b80</load_address>
         <run_address>0x6b80</run_address>
         <size>0x4c</size>
         <input_file_ref idref="fl-b"/>
      </object_component>
      <object_component id="oc-3e4">
         <name>.text:UpdateContextCharMapping</name>
         <load_address>0x6bcc</load_address>
         <run_address>0x6bcc</run_address>
         <size>0x4a</size>
         <input_file_ref idref="fl-160"/>
      </object_component>
      <object_component id="oc-e7">
         <name>.text:vApplicationStackOverflowHook</name>
         <load_address>0x6c16</load_address>
         <run_address>0x6c16</run_address>
         <size>0x2</size>
         <input_file_ref idref="fl-13"/>
      </object_component>
      <object_component id="oc-10">
         <name>.text</name>
         <load_address>0x6c18</load_address>
         <run_address>0x6c18</run_address>
         <size>0x48</size>
         <input_file_ref idref="fl-144"/>
      </object_component>
      <object_component id="oc-25f">
         <name>.text:vTaskPriorityDisinherit</name>
         <load_address>0x6c60</load_address>
         <run_address>0x6c60</run_address>
         <size>0x48</size>
         <input_file_ref idref="fl-a"/>
      </object_component>
      <object_component id="oc-201">
         <name>.text:vTaskStartScheduler</name>
         <load_address>0x6ca8</load_address>
         <run_address>0x6ca8</run_address>
         <size>0x48</size>
         <input_file_ref idref="fl-a"/>
      </object_component>
      <object_component id="oc-bd">
         <name>.text</name>
         <load_address>0x6cf0</load_address>
         <run_address>0x6cf0</run_address>
         <size>0x44</size>
         <input_file_ref idref="fl-156"/>
      </object_component>
      <object_component id="oc-57">
         <name>.text</name>
         <load_address>0x6d34</load_address>
         <run_address>0x6d34</run_address>
         <size>0x44</size>
         <input_file_ref idref="fl-148"/>
      </object_component>
      <object_component id="oc-283">
         <name>.text:vPortFree</name>
         <load_address>0x6d78</load_address>
         <run_address>0x6d78</run_address>
         <size>0x44</size>
         <input_file_ref idref="fl-8"/>
      </object_component>
      <object_component id="oc-4c8">
         <name>.text:vTaskPlaceOnEventList</name>
         <load_address>0x6dbc</load_address>
         <run_address>0x6dbc</run_address>
         <size>0x44</size>
         <input_file_ref idref="fl-a"/>
      </object_component>
      <object_component id="oc-52a">
         <name>.text</name>
         <load_address>0x6e00</load_address>
         <run_address>0x6e00</run_address>
         <size>0x42</size>
         <input_file_ref idref="fl-152"/>
      </object_component>
      <object_component id="oc-2ff">
         <name>.text:xPortStartScheduler</name>
         <load_address>0x6e44</load_address>
         <run_address>0x6e44</run_address>
         <size>0x40</size>
         <input_file_ref idref="fl-7"/>
      </object_component>
      <object_component id="oc-44e">
         <name>.text:FontGlyphDataGet</name>
         <load_address>0x6e84</load_address>
         <run_address>0x6e84</run_address>
         <size>0x3a</size>
         <input_file_ref idref="fl-160"/>
      </object_component>
      <object_component id="oc-517">
         <name>.text:vListInsert</name>
         <load_address>0x6ebe</load_address>
         <run_address>0x6ebe</run_address>
         <size>0x38</size>
         <input_file_ref idref="fl-c"/>
      </object_component>
      <object_component id="oc-2a8">
         <name>.text:LCDIDDTimingSet</name>
         <load_address>0x6ef6</load_address>
         <run_address>0x6ef6</run_address>
         <size>0x36</size>
         <input_file_ref idref="fl-159"/>
      </object_component>
      <object_component id="oc-408">
         <name>.text:prvAllocateTCBAndStack</name>
         <load_address>0x6f2c</load_address>
         <run_address>0x6f2c</run_address>
         <size>0x36</size>
         <input_file_ref idref="fl-a"/>
      </object_component>
      <object_component id="oc-28e">
         <name>.text:SysCtlPeripheralEnable</name>
         <load_address>0x6f64</load_address>
         <run_address>0x6f64</run_address>
         <size>0x34</size>
         <input_file_ref idref="fl-158"/>
      </object_component>
      <object_component id="oc-422">
         <name>.text:vTaskDelay</name>
         <load_address>0x6f98</load_address>
         <run_address>0x6f98</run_address>
         <size>0x34</size>
         <input_file_ref idref="fl-a"/>
      </object_component>
      <object_component id="oc-38f">
         <name>.text:prvHeapInit</name>
         <load_address>0x6fcc</load_address>
         <run_address>0x6fcc</run_address>
         <size>0x30</size>
         <input_file_ref idref="fl-8"/>
      </object_component>
      <object_component id="oc-1fc">
         <name>.text:vCreateDisplaTask</name>
         <load_address>0x6ffc</load_address>
         <run_address>0x6ffc</run_address>
         <size>0x30</size>
         <input_file_ref idref="fl-15"/>
      </object_component>
      <object_component id="oc-1f7">
         <name>.text:vCreateTimeTask</name>
         <load_address>0x702c</load_address>
         <run_address>0x702c</run_address>
         <size>0x30</size>
         <input_file_ref idref="fl-15"/>
      </object_component>
      <object_component id="oc-37f">
         <name>.text:GPIODirModeSet</name>
         <load_address>0x705c</load_address>
         <run_address>0x705c</run_address>
         <size>0x2a</size>
         <input_file_ref idref="fl-15b"/>
      </object_component>
      <object_component id="oc-20b">
         <name>.text:GrFontBaselineGet</name>
         <load_address>0x7086</load_address>
         <run_address>0x7086</run_address>
         <size>0x2a</size>
         <input_file_ref idref="fl-160"/>
      </object_component>
      <object_component id="oc-30a">
         <name>.text:GrStringNextCharGet</name>
         <load_address>0x70b0</load_address>
         <run_address>0x70b0</run_address>
         <size>0x2a</size>
         <input_file_ref idref="fl-160"/>
      </object_component>
      <object_component id="oc-2f3">
         <name>.text:vTimeTask</name>
         <load_address>0x70dc</load_address>
         <run_address>0x70dc</run_address>
         <size>0x28</size>
         <input_file_ref idref="fl-15"/>
      </object_component>
      <object_component id="oc-314">
         <name>.text:GrFontInfoGet</name>
         <load_address>0x7104</load_address>
         <run_address>0x7104</run_address>
         <size>0x26</size>
         <input_file_ref idref="fl-160"/>
      </object_component>
      <object_component id="oc-4de">
         <name>.text:prvCopyDataFromQueue</name>
         <load_address>0x712a</load_address>
         <run_address>0x712a</run_address>
         <size>0x24</size>
         <input_file_ref idref="fl-b"/>
      </object_component>
      <object_component id="oc-30f">
         <name>.text:GrFontGlyphDataGet</name>
         <load_address>0x714e</load_address>
         <run_address>0x714e</run_address>
         <size>0x22</size>
         <input_file_ref idref="fl-160"/>
      </object_component>
      <object_component id="oc-299">
         <name>.text:LCDModeSet</name>
         <load_address>0x7170</load_address>
         <run_address>0x7170</run_address>
         <size>0x22</size>
         <input_file_ref idref="fl-159"/>
      </object_component>
      <object_component id="oc-412">
         <name>.text:pxPortInitialiseStack</name>
         <load_address>0x7192</load_address>
         <run_address>0x7192</run_address>
         <size>0x22</size>
         <input_file_ref idref="fl-7"/>
      </object_component>
      <object_component id="oc-ec">
         <name>.text</name>
         <load_address>0x71b4</load_address>
         <run_address>0x71b4</run_address>
         <size>0x22</size>
         <input_file_ref idref="fl-149"/>
      </object_component>
      <object_component id="oc-525">
         <name>.text:ustrncpy</name>
         <load_address>0x71d6</load_address>
         <run_address>0x71d6</run_address>
         <size>0x22</size>
         <input_file_ref idref="fl-f"/>
      </object_component>
      <object_component id="oc-f5">
         <name>.text:uxListRemove</name>
         <load_address>0x71f8</load_address>
         <run_address>0x71f8</run_address>
         <size>0x22</size>
         <input_file_ref idref="fl-c"/>
      </object_component>
      <object_component id="oc-42e">
         <name>.text:usprintf</name>
         <load_address>0x721a</load_address>
         <run_address>0x721a</run_address>
         <size>0x20</size>
         <input_file_ref idref="fl-f"/>
      </object_component>
      <object_component id="oc-491">
         <name>.text:GrFontCodepageGet</name>
         <load_address>0x723a</load_address>
         <run_address>0x723a</run_address>
         <size>0x1e</size>
         <input_file_ref idref="fl-160"/>
      </object_component>
      <object_component id="oc-4c3">
         <name>.text:prvIsQueueFull</name>
         <load_address>0x7258</load_address>
         <run_address>0x7258</run_address>
         <size>0x1c</size>
         <input_file_ref idref="fl-b"/>
      </object_component>
      <object_component id="oc-3c">
         <name>.text:xPortSysTickHandler</name>
         <load_address>0x7274</load_address>
         <run_address>0x7274</run_address>
         <size>0x1c</size>
         <input_file_ref idref="fl-7"/>
      </object_component>
      <object_component id="oc-4d4">
         <name>.text:prvIsQueueEmpty</name>
         <load_address>0x7290</load_address>
         <run_address>0x7290</run_address>
         <size>0x1a</size>
         <input_file_ref idref="fl-b"/>
      </object_component>
      <object_component id="oc-52">
         <name>.text</name>
         <load_address>0x72ac</load_address>
         <run_address>0x72ac</run_address>
         <size>0x18</size>
         <input_file_ref idref="fl-154"/>
      </object_component>
      <object_component id="oc-fa">
         <name>.text:vListInsertEnd</name>
         <load_address>0x72c4</load_address>
         <run_address>0x72c4</run_address>
         <size>0x18</size>
         <input_file_ref idref="fl-c"/>
      </object_component>
      <object_component id="oc-4b4">
         <name>.text:vTaskSetTimeOutState</name>
         <load_address>0x72dc</load_address>
         <run_address>0x72dc</run_address>
         <size>0x18</size>
         <input_file_ref idref="fl-a"/>
      </object_component>
      <object_component id="oc-33d">
         <name>.text:Kentec320x240x16_SSD2119ColorTranslate</name>
         <load_address>0x72f4</load_address>
         <run_address>0x72f4</run_address>
         <size>0x16</size>
         <input_file_ref idref="fl-4"/>
      </object_component>
      <object_component id="oc-3aa">
         <name>.text:vListInitialise</name>
         <load_address>0x730a</load_address>
         <run_address>0x730a</run_address>
         <size>0x16</size>
         <input_file_ref idref="fl-c"/>
      </object_component>
      <object_component id="oc-435">
         <name>.text:prvSetupTimerInterrupt</name>
         <load_address>0x7320</load_address>
         <run_address>0x7320</run_address>
         <size>0x14</size>
         <input_file_ref idref="fl-7"/>
      </object_component>
      <object_component id="oc-224">
         <name>.text</name>
         <load_address>0x7334</load_address>
         <run_address>0x7334</run_address>
         <size>0x14</size>
         <input_file_ref idref="fl-153"/>
      </object_component>
      <object_component id="oc-3a0">
         <name>.text:vPortEnterCritical</name>
         <load_address>0x7348</load_address>
         <run_address>0x7348</run_address>
         <size>0x14</size>
         <input_file_ref idref="fl-7"/>
      </object_component>
      <object_component id="oc-3af">
         <name>.text:vPortExitCritical</name>
         <load_address>0x735c</load_address>
         <run_address>0x735c</run_address>
         <size>0x14</size>
         <input_file_ref idref="fl-7"/>
      </object_component>
      <object_component id="oc-278">
         <name>.text:GPIOPinTypeEthernetLED</name>
         <load_address>0x7370</load_address>
         <run_address>0x7370</run_address>
         <size>0x12</size>
         <input_file_ref idref="fl-15b"/>
      </object_component>
      <object_component id="oc-210">
         <name>.text:GrStringDraw</name>
         <load_address>0x7382</load_address>
         <run_address>0x7382</run_address>
         <size>0x12</size>
         <input_file_ref idref="fl-160"/>
      </object_component>
      <object_component id="oc-19">
         <name>.text:decompress:ZI</name>
         <load_address>0x7394</load_address>
         <run_address>0x7394</run_address>
         <size>0x12</size>
         <input_file_ref idref="fl-147"/>
      </object_component>
      <object_component id="oc-4f8">
         <name>.text:prvDeleteTCB</name>
         <load_address>0x73a6</load_address>
         <run_address>0x73a6</run_address>
         <size>0x12</size>
         <input_file_ref idref="fl-a"/>
      </object_component>
      <object_component id="oc-3a5">
         <name>.text:vPortYield</name>
         <load_address>0x73b8</load_address>
         <run_address>0x73b8</run_address>
         <size>0x10</size>
         <input_file_ref idref="fl-7"/>
      </object_component>
      <object_component id="oc-a3">
         <name>.text:vPortYieldFromISR</name>
         <load_address>0x73c8</load_address>
         <run_address>0x73c8</run_address>
         <size>0x10</size>
         <input_file_ref idref="fl-7"/>
      </object_component>
      <object_component id="oc-38a">
         <name>.text:vTaskSuspendAll</name>
         <load_address>0x73d8</load_address>
         <run_address>0x73d8</run_address>
         <size>0x10</size>
         <input_file_ref idref="fl-a"/>
      </object_component>
      <object_component id="oc-2ce">
         <name>.text:GrImageDraw</name>
         <load_address>0x73e8</load_address>
         <run_address>0x73e8</run_address>
         <size>0xe</size>
         <input_file_ref idref="fl-161"/>
      </object_component>
      <object_component id="oc-14">
         <name>.text:decompress:none</name>
         <load_address>0x73f6</load_address>
         <run_address>0x73f6</run_address>
         <size>0xe</size>
         <input_file_ref idref="fl-145"/>
      </object_component>
      <object_component id="oc-2ad">
         <name>.text:LCDIDDCommandWrite</name>
         <load_address>0x7404</load_address>
         <run_address>0x7404</run_address>
         <size>0xc</size>
         <input_file_ref idref="fl-159"/>
      </object_component>
      <object_component id="oc-2b2">
         <name>.text:LCDIDDDataWrite</name>
         <load_address>0x7410</load_address>
         <run_address>0x7410</run_address>
         <size>0xc</size>
         <input_file_ref idref="fl-159"/>
      </object_component>
      <object_component id="oc-1f2">
         <name>.text:SysCtlMOSCConfigSet</name>
         <load_address>0x741c</load_address>
         <run_address>0x741c</run_address>
         <size>0xc</size>
         <input_file_ref idref="fl-158"/>
      </object_component>
      <object_component id="oc-304">
         <name>.text:prvIdleTask</name>
         <load_address>0x7428</load_address>
         <run_address>0x7428</run_address>
         <size>0xc</size>
         <input_file_ref idref="fl-a"/>
      </object_component>
      <object_component id="oc-510">
         <name>.text:vTaskMissedYield</name>
         <load_address>0x7434</load_address>
         <run_address>0x7434</run_address>
         <size>0xc</size>
         <input_file_ref idref="fl-a"/>
      </object_component>
      <object_component id="oc-4e3">
         <name>.text:xTaskGetCurrentTaskHandle</name>
         <load_address>0x7440</load_address>
         <run_address>0x7440</run_address>
         <size>0xc</size>
         <input_file_ref idref="fl-a"/>
      </object_component>
      <object_component id="oc-3cc">
         <name>.text:GrMapISO8859_1_Unicode</name>
         <load_address>0x744c</load_address>
         <run_address>0x744c</run_address>
         <size>0x8</size>
         <input_file_ref idref="fl-163"/>
      </object_component>
      <object_component id="oc-99">
         <name>.text:EMACTimestampIntStatus</name>
         <load_address>0x7454</load_address>
         <run_address>0x7454</run_address>
         <size>0x6</size>
         <input_file_ref idref="fl-15c"/>
      </object_component>
      <object_component id="oc-293">
         <name>.text:GPIOPinWrite</name>
         <load_address>0x745a</load_address>
         <run_address>0x745a</run_address>
         <size>0x6</size>
         <input_file_ref idref="fl-15b"/>
      </object_component>
      <object_component id="oc-2d3">
         <name>.text:GrContextFontSet</name>
         <load_address>0x7460</load_address>
         <run_address>0x7460</run_address>
         <size>0x6</size>
         <input_file_ref idref="fl-160"/>
      </object_component>
      <object_component id="oc-24">
         <name>.text:ResetISR</name>
         <load_address>0x7466</load_address>
         <run_address>0x7466</run_address>
         <size>0x6</size>
         <input_file_ref idref="fl-12"/>
      </object_component>
      <object_component id="oc-298">
         <name>.text:SysCtlDelay</name>
         <load_address>0x746c</load_address>
         <run_address>0x746c</run_address>
         <size>0x6</size>
         <input_file_ref idref="fl-158"/>
      </object_component>
      <object_component id="oc-1e">
         <name>.text:decompress:rle24</name>
         <load_address>0x7472</load_address>
         <run_address>0x7472</run_address>
         <size>0x6</size>
         <input_file_ref idref="fl-146"/>
      </object_component>
      <object_component id="oc-4a5">
         <name>.text:vListInitialiseItem</name>
         <load_address>0x7478</load_address>
         <run_address>0x7478</run_address>
         <size>0x6</size>
         <input_file_ref idref="fl-c"/>
      </object_component>
      <object_component id="oc-29e">
         <name>.text:LCDDMAConfigSet</name>
         <load_address>0x747e</load_address>
         <run_address>0x747e</run_address>
         <size>0x4</size>
         <input_file_ref idref="fl-159"/>
      </object_component>
      <object_component id="oc-2a3">
         <name>.text:LCDIDDConfigSet</name>
         <load_address>0x7482</load_address>
         <run_address>0x7482</run_address>
         <size>0x4</size>
         <input_file_ref idref="fl-159"/>
      </object_component>
      <object_component id="oc-2da">
         <name>.const:.string:g_pui8Top</name>
         <load_address>0x200</load_address>
         <run_address>0x200</run_address>
         <size>0x1a46</size>
         <input_file_ref idref="fl-5"/>
      </object_component>
      <object_component id="oc-2e4">
         <name>.const:.string:g_pui8Bottom</name>
         <load_address>0x1c46</load_address>
         <run_address>0x1c46</run_address>
         <size>0x786</size>
         <input_file_ref idref="fl-5"/>
      </object_component>
      <object_component id="oc-3fa">
         <name>.const:.string:g_pui8Cmss18bData</name>
         <load_address>0x23cc</load_address>
         <run_address>0x23cc</run_address>
         <size>0x782</size>
         <input_file_ref idref="fl-15f"/>
      </object_component>
      <object_component id="oc-2de">
         <name>.const:.string:g_pui8Left</name>
         <load_address>0x2b4e</load_address>
         <run_address>0x2b4e</run_address>
         <size>0x546</size>
         <input_file_ref idref="fl-5"/>
      </object_component>
      <object_component id="oc-2e0">
         <name>.const:.string:g_pui8Right</name>
         <load_address>0x3094</load_address>
         <run_address>0x3094</run_address>
         <size>0x546</size>
         <input_file_ref idref="fl-5"/>
      </object_component>
      <object_component id="oc-2d8">
         <name>.const:.string:g_pui8TopLeft</name>
         <load_address>0x35da</load_address>
         <run_address>0x35da</run_address>
         <size>0x17c</size>
         <input_file_ref idref="fl-5"/>
      </object_component>
      <object_component id="oc-2dc">
         <name>.const:.string:g_pui8TopRight</name>
         <load_address>0x3756</load_address>
         <run_address>0x3756</run_address>
         <size>0x173</size>
         <input_file_ref idref="fl-5"/>
      </object_component>
      <object_component id="oc-2e2">
         <name>.const:.string:g_pui8BottomLeft</name>
         <load_address>0x38c9</load_address>
         <run_address>0x38c9</run_address>
         <size>0xd0</size>
         <input_file_ref idref="fl-5"/>
      </object_component>
      <object_component id="oc-2e8">
         <name>.const:g_sFontCmss18b</name>
         <load_address>0x399c</load_address>
         <run_address>0x399c</run_address>
         <size>0xc8</size>
         <input_file_ref idref="fl-15f"/>
      </object_component>
      <object_component id="oc-2e6">
         <name>.const:.string:g_pui8BottomRight</name>
         <load_address>0x3a64</load_address>
         <run_address>0x3a64</run_address>
         <size>0xc4</size>
         <input_file_ref idref="fl-5"/>
      </object_component>
      <object_component id="oc-217">
         <name>.const:g_sKentec320x240x16_SSD2119</name>
         <load_address>0x3b28</load_address>
         <run_address>0x3b28</run_address>
         <size>0x28</size>
         <input_file_ref idref="fl-4"/>
      </object_component>
      <object_component id="oc-109">
         <name>.const</name>
         <load_address>0x3b50</load_address>
         <run_address>0x3b50</run_address>
         <size>0x1c</size>
         <input_file_ref idref="fl-2"/>
      </object_component>
      <object_component id="oc-f1">
         <name>.const:.string</name>
         <load_address>0x3b6c</load_address>
         <run_address>0x3b6c</run_address>
         <size>0x14</size>
         <input_file_ref idref="fl-a"/>
      </object_component>
      <object_component id="oc-2c3">
         <name>.const</name>
         <load_address>0x3b80</load_address>
         <run_address>0x3b80</run_address>
         <size>0x10</size>
         <input_file_ref idref="fl-162"/>
      </object_component>
      <object_component id="oc-557">
         <name>.cinit..data.load</name>
         <load_address>0x7488</load_address>
         <run_address>0x7488</run_address>
         <size>0x24</size>
      </object_component>
      <object_component id="oc-555">
         <name>__TI_handler_table</name>
         <load_address>0x74ac</load_address>
         <run_address>0x74ac</run_address>
         <size>0xc</size>
      </object_component>
      <object_component id="oc-558">
         <name>.cinit..bss.load</name>
         <load_address>0x74b8</load_address>
         <run_address>0x74b8</run_address>
         <size>0x8</size>
      </object_component>
      <object_component id="oc-556">
         <name>__TI_cinit_table</name>
         <load_address>0x74c0</load_address>
         <run_address>0x74c0</run_address>
         <size>0x10</size>
      </object_component>
      <object_component id="oc-5c">
         <name>.data</name>
         <load_address>0x20006194</load_address>
         <run_address>0x20006194</run_address>
         <size>0x4</size>
         <input_file_ref idref="fl-14c"/>
      </object_component>
      <object_component id="oc-81">
         <name>.data</name>
         <load_address>0x20006148</load_address>
         <run_address>0x20006148</run_address>
         <size>0x30</size>
         <input_file_ref idref="fl-a"/>
      </object_component>
      <object_component id="oc-ca">
         <name>.data</name>
         <load_address>0x20006180</load_address>
         <run_address>0x20006180</run_address>
         <size>0x8</size>
         <input_file_ref idref="fl-153"/>
      </object_component>
      <object_component id="oc-cc">
         <name>.data</name>
         <load_address>0x20006188</load_address>
         <run_address>0x20006188</run_address>
         <size>0x8</size>
         <input_file_ref idref="fl-148"/>
      </object_component>
      <object_component id="oc-10b">
         <name>.data</name>
         <load_address>0x20006198</load_address>
         <run_address>0x20006198</run_address>
         <size>0x4</size>
         <input_file_ref idref="fl-2"/>
      </object_component>
      <object_component id="oc-399">
         <name>.data</name>
         <load_address>0x20006178</load_address>
         <run_address>0x20006178</run_address>
         <size>0x8</size>
         <input_file_ref idref="fl-8"/>
      </object_component>
      <object_component id="oc-43a">
         <name>.data</name>
         <load_address>0x20006190</load_address>
         <run_address>0x20006190</run_address>
         <size>0x4</size>
         <input_file_ref idref="fl-7"/>
      </object_component>
      <object_component id="oc-f2">
         <name>.bss:pxReadyTasksLists</name>
         <uninitialized>true</uninitialized>
         <run_address>0x20004f10</run_address>
         <size>0x140</size>
         <input_file_ref idref="fl-a"/>
      </object_component>
      <object_component id="oc-21a">
         <name>.bss:g_sContext</name>
         <uninitialized>true</uninitialized>
         <run_address>0x20005050</run_address>
         <size>0x2c</size>
         <input_file_ref idref="fl-15"/>
      </object_component>
      <object_component id="oc-2c5">
         <name>.bss</name>
         <uninitialized>true</uninitialized>
         <run_address>0x20005120</run_address>
         <size>0x4</size>
         <input_file_ref idref="fl-162"/>
      </object_component>
      <object_component id="oc-46e">
         <name>.bss:ucHeap</name>
         <uninitialized>true</uninitialized>
         <run_address>0x20000000</run_address>
         <size>0x4f10</size>
         <input_file_ref idref="fl-8"/>
      </object_component>
      <object_component id="oc-48c">
         <name>.bss</name>
         <uninitialized>true</uninitialized>
         <run_address>0x2000507c</run_address>
         <size>0x20</size>
         <input_file_ref idref="fl-161"/>
      </object_component>
      <object_component id="oc-94">
         <name>.common:g_ui32TSState</name>
         <uninitialized>true</uninitialized>
         <run_address>0x20005134</run_address>
         <size>0x4</size>
      </object_component>
      <object_component id="oc-10e">
         <name>.common:g_pfnTSHandler</name>
         <uninitialized>true</uninitialized>
         <run_address>0x20005128</run_address>
         <size>0x4</size>
      </object_component>
      <object_component id="oc-10d">
         <name>.common:g_pi16Samples</name>
         <uninitialized>true</uninitialized>
         <run_address>0x20005100</run_address>
         <size>0x10</size>
      </object_component>
      <object_component id="oc-107">
         <name>.common:g_i16TouchX</name>
         <uninitialized>true</uninitialized>
         <run_address>0x20005144</run_address>
         <size>0x2</size>
      </object_component>
      <object_component id="oc-108">
         <name>.common:g_i16TouchY</name>
         <uninitialized>true</uninitialized>
         <run_address>0x20005146</run_address>
         <size>0x2</size>
      </object_component>
      <object_component id="oc-471">
         <name>.common:xStart</name>
         <uninitialized>true</uninitialized>
         <run_address>0x20005118</run_address>
         <size>0x8</size>
      </object_component>
      <object_component id="oc-470">
         <name>.common:xEnd</name>
         <uninitialized>true</uninitialized>
         <run_address>0x20005110</run_address>
         <size>0x8</size>
      </object_component>
      <object_component id="oc-4ac">
         <name>.common:xDelayedTaskList1</name>
         <uninitialized>true</uninitialized>
         <run_address>0x2000509c</run_address>
         <size>0x14</size>
      </object_component>
      <object_component id="oc-4ad">
         <name>.common:xDelayedTaskList2</name>
         <uninitialized>true</uninitialized>
         <run_address>0x200050b0</run_address>
         <size>0x14</size>
      </object_component>
      <object_component id="oc-51e">
         <name>.common:pxDelayedTaskList</name>
         <uninitialized>true</uninitialized>
         <run_address>0x20005138</run_address>
         <size>0x4</size>
      </object_component>
      <object_component id="oc-51f">
         <name>.common:pxOverflowDelayedTaskList</name>
         <uninitialized>true</uninitialized>
         <run_address>0x2000513c</run_address>
         <size>0x4</size>
      </object_component>
      <object_component id="oc-4ae">
         <name>.common:xPendingReadyList</name>
         <uninitialized>true</uninitialized>
         <run_address>0x200050c4</run_address>
         <size>0x14</size>
      </object_component>
      <object_component id="oc-4fd">
         <name>.common:xTasksWaitingTermination</name>
         <uninitialized>true</uninitialized>
         <run_address>0x200050ec</run_address>
         <size>0x14</size>
      </object_component>
      <object_component id="oc-51c">
         <name>.common:xSuspendedTaskList</name>
         <uninitialized>true</uninitialized>
         <run_address>0x200050d8</run_address>
         <size>0x14</size>
      </object_component>
      <object_component id="oc-a8">
         <name>.common:g_pInterrupt</name>
         <uninitialized>true</uninitialized>
         <run_address>0x20005124</run_address>
         <size>0x4</size>
      </object_component>
      <object_component id="oc-aa">
         <name>.common:g_pfnTimerHandler</name>
         <uninitialized>true</uninitialized>
         <run_address>0x2000512c</run_address>
         <size>0x4</size>
      </object_component>
      <object_component id="oc-215">
         <name>.common:g_ui32SysClock</name>
         <uninitialized>true</uninitialized>
         <run_address>0x20005130</run_address>
         <size>0x4</size>
      </object_component>
      <object_component id="oc-433">
         <name>.common:xQueue</name>
         <uninitialized>true</uninitialized>
         <run_address>0x20005140</run_address>
         <size>0x4</size>
      </object_component>
      <object_component id="oc-23">
         <name>.stack</name>
         <uninitialized>true</uninitialized>
         <run_address>0x20005148</run_address>
         <size>0x0</size>
         <input_file_ref idref="fl-144"/>
      </object_component>
      <object_component id="oc-559">
         <name>.stack</name>
         <uninitialized>true</uninitialized>
         <run_address>0x20005148</run_address>
         <size>0x0</size>
      </object_component>
      <object_component id="oc-f">
         <name>.debug_info</name>
         <load_address>0x0</load_address>
         <run_address>0x0</run_address>
         <size>0xdc</size>
         <input_file_ref idref="fl-12"/>
      </object_component>
      <object_component id="oc-13">
         <name>.debug_info</name>
         <load_address>0xdc</load_address>
         <run_address>0xdc</run_address>
         <size>0xf3</size>
         <input_file_ref idref="fl-144"/>
      </object_component>
      <object_component id="oc-15">
         <name>.debug_info</name>
         <load_address>0x1cf</load_address>
         <run_address>0x1cf</run_address>
         <size>0x194</size>
         <input_file_ref idref="fl-145"/>
      </object_component>
      <object_component id="oc-1a">
         <name>.debug_info</name>
         <load_address>0x363</load_address>
         <run_address>0x363</run_address>
         <size>0x16a</size>
         <input_file_ref idref="fl-147"/>
      </object_component>
      <object_component id="oc-20">
         <name>.debug_info</name>
         <load_address>0x4cd</load_address>
         <run_address>0x4cd</run_address>
         <size>0x18e</size>
         <input_file_ref idref="fl-146"/>
      </object_component>
      <object_component id="oc-25">
         <name>.debug_info</name>
         <load_address>0x65b</load_address>
         <run_address>0x65b</run_address>
         <size>0x10c</size>
         <input_file_ref idref="fl-12"/>
      </object_component>
      <object_component id="oc-2c">
         <name>.debug_info</name>
         <load_address>0x767</load_address>
         <run_address>0x767</run_address>
         <size>0xfa</size>
         <input_file_ref idref="fl-12"/>
      </object_component>
      <object_component id="oc-31">
         <name>.debug_info</name>
         <load_address>0x861</load_address>
         <run_address>0x861</run_address>
         <size>0x101</size>
         <input_file_ref idref="fl-12"/>
      </object_component>
      <object_component id="oc-35">
         <name>.debug_info</name>
         <load_address>0x962</load_address>
         <run_address>0x962</run_address>
         <size>0x115</size>
         <input_file_ref idref="fl-12"/>
      </object_component>
      <object_component id="oc-39">
         <name>.debug_info</name>
         <load_address>0xa77</load_address>
         <run_address>0xa77</run_address>
         <size>0x18c</size>
         <input_file_ref idref="fl-6"/>
      </object_component>
      <object_component id="oc-3d">
         <name>.debug_info</name>
         <load_address>0xc03</load_address>
         <run_address>0xc03</run_address>
         <size>0x1f6</size>
         <input_file_ref idref="fl-7"/>
      </object_component>
      <object_component id="oc-43">
         <name>.debug_info</name>
         <load_address>0xdf9</load_address>
         <run_address>0xdf9</run_address>
         <size>0x14a</size>
         <input_file_ref idref="fl-2"/>
      </object_component>
      <object_component id="oc-47">
         <name>.debug_info</name>
         <load_address>0xf43</load_address>
         <run_address>0xf43</run_address>
         <size>0x1fa</size>
         <input_file_ref idref="fl-10"/>
      </object_component>
      <object_component id="oc-4d">
         <name>.debug_info</name>
         <load_address>0x113d</load_address>
         <run_address>0x113d</run_address>
         <size>0x1dd</size>
         <input_file_ref idref="fl-12"/>
      </object_component>
      <object_component id="oc-4f">
         <name>.debug_info</name>
         <load_address>0x131a</load_address>
         <run_address>0x131a</run_address>
         <size>0x13d</size>
         <input_file_ref idref="fl-155"/>
      </object_component>
      <object_component id="oc-53">
         <name>.debug_info</name>
         <load_address>0x1457</load_address>
         <run_address>0x1457</run_address>
         <size>0x11c</size>
         <input_file_ref idref="fl-154"/>
      </object_component>
      <object_component id="oc-58">
         <name>.debug_info</name>
         <load_address>0x1573</load_address>
         <run_address>0x1573</run_address>
         <size>0x1c2</size>
         <input_file_ref idref="fl-148"/>
      </object_component>
      <object_component id="oc-5d">
         <name>.debug_info</name>
         <load_address>0x1735</load_address>
         <run_address>0x1735</run_address>
         <size>0xbe</size>
         <input_file_ref idref="fl-14c"/>
      </object_component>
      <object_component id="oc-60">
         <name>.debug_info</name>
         <load_address>0x17f3</load_address>
         <run_address>0x17f3</run_address>
         <size>0xcc</size>
         <input_file_ref idref="fl-14a"/>
      </object_component>
      <object_component id="oc-64">
         <name>.debug_info</name>
         <load_address>0x18bf</load_address>
         <run_address>0x18bf</run_address>
         <size>0x46</size>
         <input_file_ref idref="fl-145"/>
      </object_component>
      <object_component id="oc-69">
         <name>.debug_info</name>
         <load_address>0x1905</load_address>
         <run_address>0x1905</run_address>
         <size>0xf2</size>
         <input_file_ref idref="fl-145"/>
      </object_component>
      <object_component id="oc-6b">
         <name>.debug_info</name>
         <load_address>0x19f7</load_address>
         <run_address>0x19f7</run_address>
         <size>0x46</size>
         <input_file_ref idref="fl-147"/>
      </object_component>
      <object_component id="oc-70">
         <name>.debug_info</name>
         <load_address>0x1a3d</load_address>
         <run_address>0x1a3d</run_address>
         <size>0xad</size>
         <input_file_ref idref="fl-147"/>
      </object_component>
      <object_component id="oc-72">
         <name>.debug_info</name>
         <load_address>0x1aea</load_address>
         <run_address>0x1aea</run_address>
         <size>0x1ef</size>
         <input_file_ref idref="fl-146"/>
      </object_component>
      <object_component id="oc-77">
         <name>.debug_info</name>
         <load_address>0x1cd9</load_address>
         <run_address>0x1cd9</run_address>
         <size>0xb7</size>
         <input_file_ref idref="fl-146"/>
      </object_component>
      <object_component id="oc-78">
         <name>.debug_info</name>
         <load_address>0x1d90</load_address>
         <run_address>0x1d90</run_address>
         <size>0x39</size>
         <input_file_ref idref="fl-146"/>
      </object_component>
      <object_component id="oc-82">
         <name>.debug_info</name>
         <load_address>0x1dc9</load_address>
         <run_address>0x1dc9</run_address>
         <size>0x2fe</size>
         <input_file_ref idref="fl-a"/>
      </object_component>
      <object_component id="oc-86">
         <name>.debug_info</name>
         <load_address>0x20c7</load_address>
         <run_address>0x20c7</run_address>
         <size>0x216</size>
         <input_file_ref idref="fl-a"/>
      </object_component>
      <object_component id="oc-8b">
         <name>.debug_info</name>
         <load_address>0x22dd</load_address>
         <run_address>0x22dd</run_address>
         <size>0x24a</size>
         <input_file_ref idref="fl-a"/>
      </object_component>
      <object_component id="oc-90">
         <name>.debug_info</name>
         <load_address>0x2527</load_address>
         <run_address>0x2527</run_address>
         <size>0x196</size>
         <input_file_ref idref="fl-2"/>
      </object_component>
      <object_component id="oc-95">
         <name>.debug_info</name>
         <load_address>0x26bd</load_address>
         <run_address>0x26bd</run_address>
         <size>0x469</size>
         <input_file_ref idref="fl-2"/>
      </object_component>
      <object_component id="oc-9a">
         <name>.debug_info</name>
         <load_address>0x2b26</load_address>
         <run_address>0x2b26</run_address>
         <size>0x1c7</size>
         <input_file_ref idref="fl-15c"/>
      </object_component>
      <object_component id="oc-9f">
         <name>.debug_info</name>
         <load_address>0x2ced</load_address>
         <run_address>0x2ced</run_address>
         <size>0x341</size>
         <input_file_ref idref="fl-b"/>
      </object_component>
      <object_component id="oc-a4">
         <name>.debug_info</name>
         <load_address>0x302e</load_address>
         <run_address>0x302e</run_address>
         <size>0x19f</size>
         <input_file_ref idref="fl-7"/>
      </object_component>
      <object_component id="oc-a9">
         <name>.debug_info</name>
         <load_address>0x31cd</load_address>
         <run_address>0x31cd</run_address>
         <size>0x15d1</size>
         <input_file_ref idref="fl-10"/>
      </object_component>
      <object_component id="oc-ac">
         <name>.debug_info</name>
         <load_address>0x479e</load_address>
         <run_address>0x479e</run_address>
         <size>0x8b</size>
         <input_file_ref idref="fl-2"/>
      </object_component>
      <object_component id="oc-b1">
         <name>.debug_info</name>
         <load_address>0x4829</load_address>
         <run_address>0x4829</run_address>
         <size>0x18b</size>
         <input_file_ref idref="fl-2"/>
      </object_component>
      <object_component id="oc-b8">
         <name>.debug_info</name>
         <load_address>0x49b4</load_address>
         <run_address>0x49b4</run_address>
         <size>0x84</size>
         <input_file_ref idref="fl-3"/>
      </object_component>
      <object_component id="oc-bf">
         <name>.debug_info</name>
         <load_address>0x4a38</load_address>
         <run_address>0x4a38</run_address>
         <size>0x14b</size>
         <input_file_ref idref="fl-156"/>
      </object_component>
      <object_component id="oc-c4">
         <name>.debug_info</name>
         <load_address>0x4b83</load_address>
         <run_address>0x4b83</run_address>
         <size>0x22b</size>
         <input_file_ref idref="fl-15"/>
      </object_component>
      <object_component id="oc-c9">
         <name>.debug_info</name>
         <load_address>0x4dae</load_address>
         <run_address>0x4dae</run_address>
         <size>0x11b</size>
         <input_file_ref idref="fl-154"/>
      </object_component>
      <object_component id="oc-cb">
         <name>.debug_info</name>
         <load_address>0x4ec9</load_address>
         <run_address>0x4ec9</run_address>
         <size>0xc8</size>
         <input_file_ref idref="fl-153"/>
      </object_component>
      <object_component id="oc-cd">
         <name>.debug_info</name>
         <load_address>0x4f91</load_address>
         <run_address>0x4f91</run_address>
         <size>0xeb</size>
         <input_file_ref idref="fl-148"/>
      </object_component>
      <object_component id="oc-cf">
         <name>.debug_info</name>
         <load_address>0x507c</load_address>
         <run_address>0x507c</run_address>
         <size>0x146</size>
         <input_file_ref idref="fl-148"/>
      </object_component>
      <object_component id="oc-d3">
         <name>.debug_info</name>
         <load_address>0x51c2</load_address>
         <run_address>0x51c2</run_address>
         <size>0x2c</size>
         <input_file_ref idref="fl-145"/>
      </object_component>
      <object_component id="oc-da">
         <name>.debug_info</name>
         <load_address>0x51ee</load_address>
         <run_address>0x51ee</run_address>
         <size>0x2c</size>
         <input_file_ref idref="fl-e"/>
      </object_component>
      <object_component id="oc-e6">
         <name>.debug_info</name>
         <load_address>0x521a</load_address>
         <run_address>0x521a</run_address>
         <size>0x78d</size>
         <input_file_ref idref="fl-a"/>
      </object_component>
      <object_component id="oc-e8">
         <name>.debug_info</name>
         <load_address>0x59a7</load_address>
         <run_address>0x59a7</run_address>
         <size>0x15c</size>
         <input_file_ref idref="fl-13"/>
      </object_component>
      <object_component id="oc-ee">
         <name>.debug_info</name>
         <load_address>0x5b03</load_address>
         <run_address>0x5b03</run_address>
         <size>0x1a0</size>
         <input_file_ref idref="fl-149"/>
      </object_component>
      <object_component id="oc-f3">
         <name>.debug_info</name>
         <load_address>0x5ca3</load_address>
         <run_address>0x5ca3</run_address>
         <size>0xfb</size>
         <input_file_ref idref="fl-a"/>
      </object_component>
      <object_component id="oc-f6">
         <name>.debug_info</name>
         <load_address>0x5d9e</load_address>
         <run_address>0x5d9e</run_address>
         <size>0x1b6</size>
         <input_file_ref idref="fl-c"/>
      </object_component>
      <object_component id="oc-fb">
         <name>.debug_info</name>
         <load_address>0x5f54</load_address>
         <run_address>0x5f54</run_address>
         <size>0x1de</size>
         <input_file_ref idref="fl-c"/>
      </object_component>
      <object_component id="oc-102">
         <name>.debug_info</name>
         <load_address>0x6132</load_address>
         <run_address>0x6132</run_address>
         <size>0x2c</size>
         <input_file_ref idref="fl-7"/>
      </object_component>
      <object_component id="oc-10a">
         <name>.debug_info</name>
         <load_address>0x615e</load_address>
         <run_address>0x615e</run_address>
         <size>0xf0</size>
         <input_file_ref idref="fl-2"/>
      </object_component>
      <object_component id="oc-10c">
         <name>.debug_info</name>
         <load_address>0x624e</load_address>
         <run_address>0x624e</run_address>
         <size>0x126</size>
         <input_file_ref idref="fl-2"/>
      </object_component>
      <object_component id="oc-112">
         <name>.debug_info</name>
         <load_address>0x6374</load_address>
         <run_address>0x6374</run_address>
         <size>0x6bd</size>
         <input_file_ref idref="fl-2"/>
      </object_component>
      <object_component id="oc-117">
         <name>.debug_info</name>
         <load_address>0x6a31</load_address>
         <run_address>0x6a31</run_address>
         <size>0xc6</size>
         <input_file_ref idref="fl-2"/>
      </object_component>
      <object_component id="oc-11d">
         <name>.debug_info</name>
         <load_address>0x6af7</load_address>
         <run_address>0x6af7</run_address>
         <size>0x18b</size>
         <input_file_ref idref="fl-157"/>
      </object_component>
      <object_component id="oc-122">
         <name>.debug_info</name>
         <load_address>0x6c82</load_address>
         <run_address>0x6c82</run_address>
         <size>0x2f0</size>
         <input_file_ref idref="fl-15c"/>
      </object_component>
      <object_component id="oc-124">
         <name>.debug_info</name>
         <load_address>0x6f72</load_address>
         <run_address>0x6f72</run_address>
         <size>0x246</size>
         <input_file_ref idref="fl-b"/>
      </object_component>
      <object_component id="oc-12a">
         <name>.debug_info</name>
         <load_address>0x71b8</load_address>
         <run_address>0x71b8</run_address>
         <size>0x22a</size>
         <input_file_ref idref="fl-a"/>
      </object_component>
      <object_component id="oc-12e">
         <name>.debug_info</name>
         <load_address>0x73e2</load_address>
         <run_address>0x73e2</run_address>
         <size>0x46</size>
         <input_file_ref idref="fl-9"/>
      </object_component>
      <object_component id="oc-133">
         <name>.debug_info</name>
         <load_address>0x7428</load_address>
         <run_address>0x7428</run_address>
         <size>0x5c4</size>
         <input_file_ref idref="fl-b"/>
      </object_component>
      <object_component id="oc-137">
         <name>.debug_info</name>
         <load_address>0x79ec</load_address>
         <run_address>0x79ec</run_address>
         <size>0x99</size>
         <input_file_ref idref="fl-e"/>
      </object_component>
      <object_component id="oc-13c">
         <name>.debug_info</name>
         <load_address>0x7a85</load_address>
         <run_address>0x7a85</run_address>
         <size>0x12f</size>
         <input_file_ref idref="fl-e"/>
      </object_component>
      <object_component id="oc-141">
         <name>.debug_info</name>
         <load_address>0x7bb4</load_address>
         <run_address>0x7bb4</run_address>
         <size>0xc4</size>
         <input_file_ref idref="fl-10"/>
      </object_component>
      <object_component id="oc-146">
         <name>.debug_info</name>
         <load_address>0x7c78</load_address>
         <run_address>0x7c78</run_address>
         <size>0x20b</size>
         <input_file_ref idref="fl-10"/>
      </object_component>
      <object_component id="oc-14b">
         <name>.debug_info</name>
         <load_address>0x7e83</load_address>
         <run_address>0x7e83</run_address>
         <size>0x9a</size>
         <input_file_ref idref="fl-10"/>
      </object_component>
      <object_component id="oc-150">
         <name>.debug_info</name>
         <load_address>0x7f1d</load_address>
         <run_address>0x7f1d</run_address>
         <size>0x29e</size>
         <input_file_ref idref="fl-7"/>
      </object_component>
      <object_component id="oc-155">
         <name>.debug_info</name>
         <load_address>0x81bb</load_address>
         <run_address>0x81bb</run_address>
         <size>0x2c</size>
         <input_file_ref idref="fl-10"/>
      </object_component>
      <object_component id="oc-15a">
         <name>.debug_info</name>
         <load_address>0x81e7</load_address>
         <run_address>0x81e7</run_address>
         <size>0x8a</size>
         <input_file_ref idref="fl-10"/>
      </object_component>
      <object_component id="oc-15f">
         <name>.debug_info</name>
         <load_address>0x8271</load_address>
         <run_address>0x8271</run_address>
         <size>0x1b7</size>
         <input_file_ref idref="fl-10"/>
      </object_component>
      <object_component id="oc-164">
         <name>.debug_info</name>
         <load_address>0x8428</load_address>
         <run_address>0x8428</run_address>
         <size>0x2c</size>
         <input_file_ref idref="fl-e"/>
      </object_component>
      <object_component id="oc-169">
         <name>.debug_info</name>
         <load_address>0x8454</load_address>
         <run_address>0x8454</run_address>
         <size>0x651</size>
         <input_file_ref idref="fl-10"/>
      </object_component>
      <object_component id="oc-16e">
         <name>.debug_info</name>
         <load_address>0x8aa5</load_address>
         <run_address>0x8aa5</run_address>
         <size>0x87</size>
         <input_file_ref idref="fl-e"/>
      </object_component>
      <object_component id="oc-173">
         <name>.debug_info</name>
         <load_address>0x8b2c</load_address>
         <run_address>0x8b2c</run_address>
         <size>0x174</size>
         <input_file_ref idref="fl-10"/>
      </object_component>
      <object_component id="oc-178">
         <name>.debug_info</name>
         <load_address>0x8ca0</load_address>
         <run_address>0x8ca0</run_address>
         <size>0x2c</size>
         <input_file_ref idref="fl-10"/>
      </object_component>
      <object_component id="oc-17d">
         <name>.debug_info</name>
         <load_address>0x8ccc</load_address>
         <run_address>0x8ccc</run_address>
         <size>0xee</size>
         <input_file_ref idref="fl-10"/>
      </object_component>
      <object_component id="oc-182">
         <name>.debug_info</name>
         <load_address>0x8dba</load_address>
         <run_address>0x8dba</run_address>
         <size>0x2c</size>
         <input_file_ref idref="fl-e"/>
      </object_component>
      <object_component id="oc-187">
         <name>.debug_info</name>
         <load_address>0x8de6</load_address>
         <run_address>0x8de6</run_address>
         <size>0xa5</size>
         <input_file_ref idref="fl-10"/>
      </object_component>
      <object_component id="oc-18c">
         <name>.debug_info</name>
         <load_address>0x8e8b</load_address>
         <run_address>0x8e8b</run_address>
         <size>0x30e</size>
         <input_file_ref idref="fl-10"/>
      </object_component>
      <object_component id="oc-191">
         <name>.debug_info</name>
         <load_address>0x9199</load_address>
         <run_address>0x9199</run_address>
         <size>0x14d</size>
         <input_file_ref idref="fl-10"/>
      </object_component>
      <object_component id="oc-196">
         <name>.debug_info</name>
         <load_address>0x92e6</load_address>
         <run_address>0x92e6</run_address>
         <size>0xd7</size>
         <input_file_ref idref="fl-10"/>
      </object_component>
      <object_component id="oc-19b">
         <name>.debug_info</name>
         <load_address>0x93bd</load_address>
         <run_address>0x93bd</run_address>
         <size>0xf5</size>
         <input_file_ref idref="fl-e"/>
      </object_component>
      <object_component id="oc-1a0">
         <name>.debug_info</name>
         <load_address>0x94b2</load_address>
         <run_address>0x94b2</run_address>
         <size>0x9f</size>
         <input_file_ref idref="fl-e"/>
      </object_component>
      <object_component id="oc-1a5">
         <name>.debug_info</name>
         <load_address>0x9551</load_address>
         <run_address>0x9551</run_address>
         <size>0x167</size>
         <input_file_ref idref="fl-e"/>
      </object_component>
      <object_component id="oc-1aa">
         <name>.debug_info</name>
         <load_address>0x96b8</load_address>
         <run_address>0x96b8</run_address>
         <size>0x69</size>
         <input_file_ref idref="fl-10"/>
      </object_component>
      <object_component id="oc-1af">
         <name>.debug_info</name>
         <load_address>0x9721</load_address>
         <run_address>0x9721</run_address>
         <size>0x41</size>
         <input_file_ref idref="fl-10"/>
      </object_component>
      <object_component id="oc-1b4">
         <name>.debug_info</name>
         <load_address>0x9762</load_address>
         <run_address>0x9762</run_address>
         <size>0x1bb</size>
         <input_file_ref idref="fl-10"/>
      </object_component>
      <object_component id="oc-1b9">
         <name>.debug_info</name>
         <load_address>0x991d</load_address>
         <run_address>0x991d</run_address>
         <size>0x412</size>
         <input_file_ref idref="fl-e"/>
      </object_component>
      <object_component id="oc-1be">
         <name>.debug_info</name>
         <load_address>0x9d2f</load_address>
         <run_address>0x9d2f</run_address>
         <size>0x186</size>
         <input_file_ref idref="fl-10"/>
      </object_component>
      <object_component id="oc-1c3">
         <name>.debug_info</name>
         <load_address>0x9eb5</load_address>
         <run_address>0x9eb5</run_address>
         <size>0x17e</size>
         <input_file_ref idref="fl-10"/>
      </object_component>
      <object_component id="oc-1c8">
         <name>.debug_info</name>
         <load_address>0xa033</load_address>
         <run_address>0xa033</run_address>
         <size>0x14c</size>
         <input_file_ref idref="fl-7"/>
      </object_component>
      <object_component id="oc-1cd">
[...]
         <object_component_ref idref="oc-1e3"/>
      </symbol>
      <symbol id="sm-136">
         <name>g_sKentec320x240x16_SSD2119</name>
         <value>0x3b28</value>
         <object_component_ref idref="oc-217"/>
      </symbol>
      <symbol id="sm-17e">
         <name>FrameDraw</name>
         <value>0x4fbd</value>
         <object_component_ref idref="oc-1ed"/>
      </symbol>
      <symbol id="sm-188">
         <name>vPortStartFirstTask</name>
         <value>0x61cd</value>
         <object_component_ref idref="oc-38"/>
      </symbol>
      <symbol id="sm-189">
         <name>vPortEnableVFP</name>
         <value>0x61e1</value>
         <object_component_ref idref="oc-38"/>
      </symbol>
      <symbol id="sm-18a">
         <name>xPortPendSVHandler</name>
         <value>0x6151</value>
         <object_component_ref idref="oc-38"/>
      </symbol>
      <symbol id="sm-18b">
         <name>vPortClearInterruptMask</name>
         <value>0x61a9</value>
         <object_component_ref idref="oc-38"/>
      </symbol>
      <symbol id="sm-18c">
         <name>vPortSetInterruptMask</name>
         <value>0x619f</value>
         <object_component_ref idref="oc-38"/>
      </symbol>
      <symbol id="sm-18d">
         <name>vPortSVCHandler</name>
         <value>0x61b3</value>
         <object_component_ref idref="oc-38"/>
      </symbol>
      <symbol id="sm-1fd">
         <name>vPortYield</name>
         <value>0x73b9</value>
         <object_component_ref idref="oc-3a5"/>
      </symbol>
      <symbol id="sm-1fe">
         <name>xPortSysTickHandler</name>
         <value>0x7275</value>
         <object_component_ref idref="oc-3c"/>
      </symbol>
      <symbol id="sm-1ff">
         <name>vPortYieldFromISR</name>
         <value>0x73c9</value>
         <object_component_ref idref="oc-a3"/>
      </symbol>
      <symbol id="sm-200">
         <name>pxPortInitialiseStack</name>
         <value>0x7193</value>
         <object_component_ref idref="oc-412"/>
      </symbol>
      <symbol id="sm-201">
         <name>vPortExitCritical</name>
         <value>0x735d</value>
         <object_component_ref idref="oc-3af"/>
      </symbol>
      <symbol id="sm-202">
         <name>xPortStartScheduler</name>
         <value>0x6e45</value>
         <object_component_ref idref="oc-2ff"/>
      </symbol>
      <symbol id="sm-203">
         <name>vPortEnterCritical</name>
         <value>0x7349</value>
         <object_component_ref idref="oc-3a0"/>
      </symbol>
      <symbol id="sm-24e">
         <name>pvPortMalloc</name>
         <value>0x60a1</value>
         <object_component_ref idref="oc-27e"/>
      </symbol>
      <symbol id="sm-24f">
         <name>vPortFree</name>
         <value>0x6d79</value>
         <object_component_ref idref="oc-283"/>
      </symbol>
      <symbol id="sm-3c5">
         <name>vTaskDelay</name>
         <value>0x6f99</value>
         <object_component_ref idref="oc-422"/>
      </symbol>
      <symbol id="sm-3c6">
         <name>vTaskSuspendAll</name>
         <value>0x73d9</value>
         <object_component_ref idref="oc-38a"/>
      </symbol>
      <symbol id="sm-3c7">
         <name>vTaskPriorityInherit</name>
         <value>0x6609</value>
         <object_component_ref idref="oc-4d9"/>
      </symbol>
      <symbol id="sm-3c8">
         <name>vTaskPlaceOnEventList</name>
         <value>0x6dbd</value>
         <object_component_ref idref="oc-4c8"/>
      </symbol>
      <symbol id="sm-3c9">
         <name>xTaskCheckForTimeOut</name>
         <value>0x6a91</value>
         <object_component_ref idref="oc-4b9"/>
      </symbol>
      <symbol id="sm-3ca">
         <name>vTaskStartScheduler</name>
         <value>0x6ca9</value>
         <object_component_ref idref="oc-201"/>
      </symbol>
      <symbol id="sm-3cb">
         <name>vTaskPriorityDisinherit</name>
         <value>0x6c61</value>
         <object_component_ref idref="oc-25f"/>
      </symbol>
      <symbol id="sm-3cc">
         <name>vTaskMissedYield</name>
         <value>0x7435</value>
         <object_component_ref idref="oc-510"/>
      </symbol>
      <symbol id="sm-3cd">
         <name>xTaskResumeAll</name>
         <value>0x5ce1</value>
         <object_component_ref idref="oc-394"/>
      </symbol>
      <symbol id="sm-3ce">
         <name>xTaskGenericCreate</name>
         <value>0x5c01</value>
         <object_component_ref idref="oc-2ee"/>
      </symbol>
      <symbol id="sm-3cf">
         <name>pxCurrentTCB</name>
         <value>0x20006148</value>
         <object_component_ref idref="oc-81"/>
      </symbol>
      <symbol id="sm-3d0">
         <name>vTaskSetTimeOutState</name>
         <value>0x72dd</value>
         <object_component_ref idref="oc-4b4"/>
      </symbol>
      <symbol id="sm-3d1">
         <name>xTaskIncrementTick</name>
         <value>0x58f1</value>
         <object_component_ref idref="oc-89"/>
      </symbol>
      <symbol id="sm-3d2">
         <name>vTaskSwitchContext</name>
         <value>0x6291</value>
         <object_component_ref idref="oc-83"/>
      </symbol>
      <symbol id="sm-3d3">
         <name>xTaskGetCurrentTaskHandle</name>
         <value>0x7441</value>
         <object_component_ref idref="oc-4e3"/>
      </symbol>
      <symbol id="sm-3d4">
         <name>xTaskRemoveFromEventList</name>
         <value>0x6599</value>
         <object_component_ref idref="oc-128"/>
      </symbol>
      <symbol id="sm-454">
         <name>xQueueGenericSendFromISR</name>
         <value>0x69e5</value>
         <object_component_ref idref="oc-9e"/>
      </symbol>
      <symbol id="sm-455">
         <name>xQueueGenericCreate</name>
         <value>0x6b81</value>
         <object_component_ref idref="oc-1de"/>
      </symbol>
      <symbol id="sm-456">
         <name>xQueueGenericSend</name>
         <value>0x5e7b</value>
         <object_component_ref idref="oc-41d"/>
      </symbol>
      <symbol id="sm-457">
         <name>xQueueGenericReset</name>
         <value>0x6529</value>
         <object_component_ref idref="oc-288"/>
      </symbol>
      <symbol id="sm-458">
         <name>xQueueGenericReceive</name>
         <value>0x5a05</value>
         <object_component_ref idref="oc-429"/>
      </symbol>
      <symbol id="sm-483">
         <name>uxListRemove</name>
         <value>0x71f9</value>
         <object_component_ref idref="oc-f5"/>
      </symbol>
      <symbol id="sm-484">
         <name>vListInsert</name>
         <value>0x6ebf</value>
         <object_component_ref idref="oc-517"/>
      </symbol>
      <symbol id="sm-485">
         <name>vListInitialiseItem</name>
         <value>0x7479</value>
         <object_component_ref idref="oc-4a5"/>
      </symbol>
      <symbol id="sm-486">
         <name>vListInsertEnd</name>
         <value>0x72c5</value>
         <object_component_ref idref="oc-fa"/>
      </symbol>
      <symbol id="sm-487">
         <name>vListInitialise</name>
         <value>0x730b</value>
         <object_component_ref idref="oc-3aa"/>
      </symbol>
      <symbol id="sm-527">
         <name>uvsnprintf</name>
         <value>0x4d75</value>
         <object_component_ref idref="oc-4e9"/>
      </symbol>
      <symbol id="sm-528">
         <name>ustrncpy</name>
         <value>0x71d7</value>
         <object_component_ref idref="oc-525"/>
      </symbol>
      <symbol id="sm-529">
         <name>usprintf</name>
         <value>0x721b</value>
         <object_component_ref idref="oc-42e"/>
      </symbol>
      <symbol id="sm-59e">
         <name>g_pfnTimerHandler</name>
         <value>0x2000512c</value>
      </symbol>
      <symbol id="sm-59f">
         <name>lwIPEthernetIntHandler</name>
         <value>0x6439</value>
         <object_component_ref idref="oc-46"/>
      </symbol>
      <symbol id="sm-5d4">
         <name>ResetISR</name>
         <value>0x7467</value>
         <object_component_ref idref="oc-24"/>
      </symbol>
      <symbol id="sm-5d5">
         <name>g_pfnVectors</name>
         <value>0x0</value>
         <object_component_ref idref="oc-e"/>
      </symbol>
      <symbol id="sm-5e9">
         <name>vApplicationStackOverflowHook</name>
         <value>0x6c17</value>
         <object_component_ref idref="oc-e7"/>
      </symbol>
      <symbol id="sm-5ea">
         <name>vApplicationIdleHook</name>
         <value>0x6b33</value>
         <object_component_ref idref="oc-442"/>
      </symbol>
      <symbol id="sm-634">
         <name>g_ui32SysClock</name>
         <value>0x20005130</value>
      </symbol>
      <symbol id="sm-635">
         <name>xQueue</name>
         <value>0x20005140</value>
      </symbol>
      <symbol id="sm-636">
         <name>vTimeTask</name>
         <value>0x70dd</value>
         <object_component_ref idref="oc-2f3"/>
      </symbol>
      <symbol id="sm-637">
         <name>vCreateTimeTask</name>
         <value>0x702d</value>
         <object_component_ref idref="oc-1f7"/>
      </symbol>
      <symbol id="sm-638">
         <name>main</name>
         <value>0x5b05</value>
         <object_component_ref idref="oc-c3"/>
      </symbol>
      <symbol id="sm-639">
         <name>vCreateDisplaTask</name>
         <value>0x6ffd</value>
         <object_component_ref idref="oc-1fc"/>
      </symbol>
      <symbol id="sm-63a">
         <name>g_sContext</name>
         <value>0x20005050</value>
         <object_component_ref idref="oc-21a"/>
      </symbol>
      <symbol id="sm-63b">
         <name>vDisplayTask</name>
         <value>0x6a3d</value>
         <object_component_ref idref="oc-2f9"/>
      </symbol>
      <symbol id="sm-64a">
         <name>_c_int00</name>
         <value>0x6c19</value>
         <object_component_ref idref="oc-10"/>
      </symbol>
      <symbol id="sm-64b">
         <name>__stack</name>
         <value>0x20005148</value>
         <object_component_ref idref="oc-23"/>
      </symbol>
      <symbol id="sm-661">
         <name>__TI_decompress_none</name>
         <value>0x73f7</value>
         <object_component_ref idref="oc-14"/>
      </symbol>
      <symbol id="sm-683">
         <name>__TI_decompress_rle24</name>
         <value>0x7473</value>
         <object_component_ref idref="oc-1e"/>
      </symbol>
      <symbol id="sm-696">
         <name>__TI_zero_init</name>
         <value>0x7395</value>
         <object_component_ref idref="oc-19"/>
      </symbol>
      <symbol id="sm-6b2">
         <name>C$$EXIT</name>
         <value>0x6d35</value>
         <object_component_ref idref="oc-57"/>
      </symbol>
      <symbol id="sm-6b3">
         <name>abort</name>
         <value>0x6d39</value>
         <object_component_ref idref="oc-57"/>
      </symbol>
      <symbol id="sm-6b4">
         <name>exit</name>
         <value>0x6d41</value>
         <object_component_ref idref="oc-57"/>
      </symbol>
      <symbol id="sm-6b5">
         <name>__TI_dtors_ptr</name>
         <value>0x2000618c</value>
         <object_component_ref idref="oc-cc"/>
      </symbol>
      <symbol id="sm-6b6">
         <name>__TI_cleanup_ptr</name>
         <value>0x20006188</value>
         <object_component_ref idref="oc-cc"/>
      </symbol>
      <symbol id="sm-6c5">
         <name>memcmp</name>
         <value>0x71b5</value>
         <object_component_ref idref="oc-ec"/>
      </symbol>
      <symbol id="sm-6df">
         <name>memcpy</name>
         <value>0x61f3</value>
         <object_component_ref idref="oc-5f"/>
      </symbol>
      <symbol id="sm-6e0">
         <name>__aeabi_memcpy</name>
         <value>0x61f3</value>
         <object_component_ref idref="oc-5f"/>
      </symbol>
      <symbol id="sm-6e1">
         <name>__aeabi_memcpy8</name>
         <value>0x61f3</value>
         <object_component_ref idref="oc-5f"/>
      </symbol>
      <symbol id="sm-6e2">
         <name>__aeabi_memcpy4</name>
         <value>0x61f3</value>
         <object_component_ref idref="oc-5f"/>
      </symbol>
      <symbol id="sm-6f0">
         <name>__aeabi_memset</name>
         <value>0x64b3</value>
         <object_component_ref idref="oc-4a0"/>
      </symbol>
      <symbol id="sm-6f1">
         <name>memset</name>
         <value>0x64b9</value>
         <object_component_ref idref="oc-4a0"/>
      </symbol>
      <symbol id="sm-6f2">
         <name>__aeabi_memset8</name>
         <value>0x64b3</value>
         <object_component_ref idref="oc-4a0"/>
      </symbol>
      <symbol id="sm-6f3">
         <name>__aeabi_memset4</name>
         <value>0x64b3</value>
         <object_component_ref idref="oc-4a0"/>
      </symbol>
      <symbol id="sm-6f4">
         <name>__aeabi_memclr8</name>
         <value>0x64b1</value>
         <object_component_ref idref="oc-4a0"/>
      </symbol>
      <symbol id="sm-6f5">
         <name>__aeabi_memclr4</name>
         <value>0x64b1</value>
         <object_component_ref idref="oc-4a0"/>
      </symbol>
      <symbol id="sm-6f6">
         <name>__aeabi_memclr</name>
         <value>0x64b1</value>
         <object_component_ref idref="oc-4a0"/>
      </symbol>
      <symbol id="sm-6fd">
         <name>main_func_sp</name>
         <value>0x20006194</value>
         <object_component_ref idref="oc-5c"/>
      </symbol>
      <symbol id="sm-711">
         <name>__aeabi_uidivmod</name>
         <value>0x6e01</value>
         <object_component_ref idref="oc-52a"/>
      </symbol>
      <symbol id="sm-727">
         <name>_nop</name>
         <value>0x7343</value>
         <object_component_ref idref="oc-224"/>
      </symbol>
      <symbol id="sm-728">
         <name>_lock</name>
         <value>0x20006180</value>
         <object_component_ref idref="oc-ca"/>
      </symbol>
      <symbol id="sm-729">
         <name>_unlock</name>
         <value>0x20006184</value>
         <object_component_ref idref="oc-ca"/>
      </symbol>
      <symbol id="sm-72a">
         <name>_register_lock</name>
         <value>0x733b</value>
         <object_component_ref idref="oc-224"/>
      </symbol>
      <symbol id="sm-72b">
         <name>_register_unlock</name>
         <value>0x7335</value>
         <object_component_ref idref="oc-224"/>
      </symbol>
      <symbol id="sm-73e">
         <name>_args_main</name>
         <value>0x72ad</value>
         <object_component_ref idref="oc-52"/>
      </symbol>
      <symbol id="sm-75a">
         <name>__TI_auto_init</name>
         <value>0x632d</value>
         <object_component_ref idref="oc-4e"/>
      </symbol>
      <symbol id="sm-772">
         <name>copy_in</name>
         <value>0x6cf1</value>
         <object_component_ref idref="oc-bd"/>
      </symbol>
      <symbol id="sm-79b">
         <name>SysCtlDelay</name>
         <value>0x746d</value>
         <object_component_ref idref="oc-298"/>
      </symbol>
      <symbol id="sm-79c">
         <name>SysCtlMOSCConfigSet</name>
         <value>0x741d</value>
         <object_component_ref idref="oc-1f2"/>
      </symbol>
      <symbol id="sm-79d">
         <name>SysCtlPeripheralEnable</name>
         <value>0x6f65</value>
         <object_component_ref idref="oc-28e"/>
      </symbol>
      <symbol id="sm-7d2">
         <name>LCDIDDConfigSet</name>
         <value>0x7483</value>
         <object_component_ref idref="oc-2a3"/>
      </symbol>
      <symbol id="sm-7d3">
         <name>LCDDMAConfigSet</name>
         <value>0x747f</value>
         <object_component_ref idref="oc-29e"/>
      </symbol>
      <symbol id="sm-7d4">
         <name>LCDIDDDataWrite</name>
         <value>0x7411</value>
         <object_component_ref idref="oc-2b2"/>
      </symbol>
      <symbol id="sm-7d5">
         <name>LCDIDDCommandWrite</name>
         <value>0x7405</value>
         <object_component_ref idref="oc-2ad"/>
      </symbol>
      <symbol id="sm-7d6">
         <name>LCDIDDTimingSet</name>
         <value>0x6ef7</value>
         <object_component_ref idref="oc-2a8"/>
      </symbol>
      <symbol id="sm-7d7">
         <name>LCDModeSet</name>
         <value>0x7171</value>
         <object_component_ref idref="oc-299"/>
      </symbol>
      <symbol id="sm-801">
         <name>GPIODirModeSet</name>
         <value>0x705d</value>
         <object_component_ref idref="oc-37f"/>
      </symbol>
      <symbol id="sm-802">
         <name>GPIOPinWrite</name>
         <value>0x745b</value>
         <object_component_ref idref="oc-293"/>
      </symbol>
      <symbol id="sm-803">
         <name>GPIOPadConfigSet</name>
         <value>0x57c1</value>
         <object_component_ref idref="oc-384"/>
      </symbol>
      <symbol id="sm-804">
         <name>GPIOPinTypeEthernetLED</name>
         <value>0x7371</value>
         <object_component_ref idref="oc-278"/>
      </symbol>
      <symbol id="sm-81a">
         <name>EMACTimestampIntStatus</name>
         <value>0x7455</value>
         <object_component_ref idref="oc-99"/>
      </symbol>
      <symbol id="sm-83b">
         <name>g_sFontCmss18b</name>
         <value>0x399c</value>
         <object_component_ref idref="oc-2e8"/>
      </symbol>
      <symbol id="sm-958">
         <name>GrFontInfoGet</name>
         <value>0x7105</value>
         <object_component_ref idref="oc-314"/>
      </symbol>
      <symbol id="sm-959">
         <name>GrDefaultStringRenderer</name>
         <value>0x5db1</value>
         <object_component_ref idref="oc-2be"/>
      </symbol>
      <symbol id="sm-95a">
         <name>GrFontGlyphRender</name>
         <value>0x4b0f</value>
         <object_component_ref idref="oc-3c1"/>
      </symbol>
      <symbol id="sm-95b">
         <name>GrContextFontSet</name>
         <value>0x7461</value>
         <object_component_ref idref="oc-2d3"/>
      </symbol>
      <symbol id="sm-95c">
         <name>GrFontGlyphDataGet</name>
         <value>0x714f</value>
         <object_component_ref idref="oc-30f"/>
      </symbol>
      <symbol id="sm-95d">
         <name>GrStringDraw</name>
         <value>0x7383</value>
         <object_component_ref idref="oc-210"/>
      </symbol>
      <symbol id="sm-95e">
         <name>GrFontCodepageGet</name>
         <value>0x723b</value>
         <object_component_ref idref="oc-491"/>
      </symbol>
      <symbol id="sm-95f">
         <name>GrStringNextCharGet</name>
         <value>0x70b1</value>
         <object_component_ref idref="oc-30a"/>
      </symbol>
      <symbol id="sm-960">
         <name>GrStringWidthGet</name>
         <value>0x6675</value>
         <object_component_ref idref="oc-206"/>
      </symbol>
      <symbol id="sm-961">
         <name>GrFontBaselineGet</name>
         <value>0x7087</value>
         <object_component_ref idref="oc-20b"/>
      </symbol>
      <symbol id="sm-a49">
         <name>GrImageDraw</name>
         <value>0x73e9</value>
         <object_component_ref idref="oc-2ce"/>
      </symbol>
      <symbol id="sm-a74">
         <name>GrContextInit</name>
         <value>0x6749</value>
         <object_component_ref idref="oc-1e8"/>
      </symbol>
      <symbol id="sm-a75">
         <name>GrContextClipRegionSet</name>
         <value>0x67ad</value>
         <object_component_ref idref="oc-2c9"/>
      </symbol>
      <symbol id="sm-a76">
         <name>g_psDefaultCodePointMapTable</name>
         <value>0x3b80</value>
         <object_component_ref idref="oc-2c3"/>
      </symbol>
      <symbol id="sm-a82">
         <name>GrMapISO8859_1_Unicode</name>
         <value>0x744d</value>
         <object_component_ref idref="oc-3cc"/>
      </symbol>
      <symbol id="sm-a83">
         <name>__TI_static_base__</name>
         <value>0x0</value>
      </symbol>
      <symbol id="sm-a84">
         <name>__TI_args_main</name>
         <value>0x1</value>
      </symbol>
      <symbol id="sm-a85">
         <name>SHT$$INIT_ARRAY$$Limit</name>
         <value>0x0</value>
      </symbol>
      <symbol id="sm-a86">
         <name>SHT$$INIT_ARRAY$$Base</name>
         <value>0x0</value>
      </symbol>
   </symbol_table>
   <title>Link successful</title>
</link_info>
