<?xml version="1.0"?>
<link_info>
   <banner>TI ARM Linker PC v5.1.5</banner>
   <copyright>Copyright (c) 1996-2014 Texas Instruments Incorporated</copyright>
   <link_time>0x6665710c</link_time>
   <link_errors>0x0</link_errors>
   <output_file>ex_3.out</output_file>
   <entry_point>
      <name>_c_int00</name>
      <address>0x3b69</address>
   </entry_point>
   <input_file_list>
      <input_file id="fl-2">
         <path>.\drivers\</path>
         <kind>object</kind>
         <file>touch.obj</file>
         <name>touch.obj</name>
      </input_file>
      <input_file id="fl-3">
         <path>.\drivers\</path>
         <kind>object</kind>
         <file>pinout.obj</file>
         <name>pinout.obj</name>
      </input_file>
      <input_file id="fl-4">
         <path>.\drivers\</path>
         <kind>object</kind>
         <file>kentec320x240x16_ssd2119.obj</file>
         <name>kentec320x240x16_ssd2119.obj</name>
      </input_file>
      <input_file id="fl-5">
         <path>.\drivers\</path>
         <kind>object</kind>
         <file>frame.obj</file>
         <name>frame.obj</name>
      </input_file>
      <input_file id="fl-6">
         <path>.\third_party\FreeRTOS\Source\portable\CCS\ARM_CM4F\</path>
         <kind>object</kind>
         <file>portasm.obj</file>
         <name>portasm.obj</name>
      </input_file>
      <input_file id="fl-7">
         <path>.\third_party\FreeRTOS\Source\portable\CCS\ARM_CM4F\</path>
         <kind>object</kind>
         <file>port.obj</file>
         <name>port.obj</name>
      </input_file>
      <input_file id="fl-8">
         <path>.\third_party\FreeRTOS\Source\portable\MemMang\</path>
         <kind>object</kind>
         <file>heap_2.obj</file>
         <name>heap_2.obj</name>
      </input_file>
      <input_file id="fl-9">
         <path>.\third_party\FreeRTOS\Source\</path>
         <kind>object</kind>
         <file>timers.obj</file>
         <name>timers.obj</name>
      </input_file>
      <input_file id="fl-a">
         <path>.\third_party\FreeRTOS\Source\</path>
         <kind>object</kind>
         <file>tasks.obj</file>
         <name>tasks.obj</name>
      </input_file>
      <input_file id="fl-b">
         <path>.\third_party\FreeRTOS\Source\</path>
         <kind>object</kind>
         <file>queue.obj</file>
         <name>queue.obj</name>
      </input_file>
      <input_file id="fl-c">
         <path>.\third_party\FreeRTOS\Source\</path>
         <kind>object</kind>
         <file>list.obj</file>
         <name>list.obj</name>
      </input_file>
      <input_file id="fl-d">
         <path>.\third_party\FreeRTOS\Source\</path>
         <kind>object</kind>
         <file>croutine.obj</file>
         <name>croutine.obj</name>
      </input_file>
      <input_file id="fl-e">
         <path>.\third_party\lwip-1.4.1\apps\httpserver_raw\</path>
         <kind>object</kind>
         <file>httpd.obj</file>
         <name>httpd.obj</name>
      </input_file>
      <input_file id="fl-f">
         <path>.\utils\</path>
         <kind>object</kind>
         <file>ustdlib.obj</file>
         <name>ustdlib.obj</name>
      </input_file>
      <input_file id="fl-10">
         <path>.\utils\</path>
         <kind>object</kind>
         <file>lwiplib.obj</file>
         <name>lwiplib.obj</name>
      </input_file>
      <input_file id="fl-11">
         <path>.\utils\</path>
         <kind>object</kind>
         <file>locator.obj</file>
         <name>locator.obj</name>
      </input_file>
      <input_file id="fl-12">
         <path>.\</path>
         <kind>object</kind>
         <file>startup_ccs.obj</file>
         <name>startup_ccs.obj</name>
      </input_file>
      <input_file id="fl-13">
         <path>.\</path>
         <kind>object</kind>
         <file>lwip_task.obj</file>
         <name>lwip_task.obj</name>
      </input_file>
      <input_file id="fl-14">
         <path>.\</path>
         <kind>object</kind>
         <file>fs.obj</file>
         <name>fs.obj</name>
      </input_file>
      <input_file id="fl-15">
         <path>.\</path>
         <kind>object</kind>
         <file>freertos_demo.obj</file>
         <name>freertos_demo.obj</name>
      </input_file>
      <input_file id="fl-145">
         <path>c:\ti\ccsv6\tools\compiler\arm_5.1.5\lib\</path>
         <kind>archive</kind>
         <file>rtsv7M4_T_le_v4SPD16_eabi.lib</file>
         <name>boot.obj</name>
      </input_file>
      <input_file id="fl-146">
         <path>c:\ti\ccsv6\tools\compiler\arm_5.1.5\lib\</path>
         <kind>archive</kind>
         <file>rtsv7M4_T_le_v4SPD16_eabi.lib</file>
         <name>copy_decompress_none.obj</name>
      </input_file>
      <input_file id="fl-147">
         <path>c:\ti\ccsv6\tools\compiler\arm_5.1.5\lib\</path>
         <kind>archive</kind>
         <file>rtsv7M4_T_le_v4SPD16_eabi.lib</file>
         <name>copy_decompress_rle.obj</name>
      </input_file>
      <input_file id="fl-148">
         <path>c:\ti\ccsv6\tools\compiler\arm_5.1.5\lib\</path>
         <kind>archive</kind>
         <file>rtsv7M4_T_le_v4SPD16_eabi.lib</file>
         <name>copy_zero_init.obj</name>
      </input_file>
      <input_file id="fl-149">
         <path>c:\ti\ccsv6\tools\compiler\arm_5.1.5\lib\</path>
         <kind>archive</kind>
         <file>rtsv7M4_T_le_v4SPD16_eabi.lib</file>
         <name>exit.obj</name>
      </input_file>
      <input_file id="fl-14a">
         <path>c:\ti\ccsv6\tools\compiler\arm_5.1.5\lib\</path>
         <kind>archive</kind>
         <file>rtsv7M4_T_le_v4SPD16_eabi.lib</file>
         <name>memcmp.obj</name>
      </input_file>
      <input_file id="fl-14b">
         <path>c:\ti\ccsv6\tools\compiler\arm_5.1.5\lib\</path>
         <kind>archive</kind>
         <file>rtsv7M4_T_le_v4SPD16_eabi.lib</file>
         <name>memcpy_t2.obj</name>
      </input_file>
      <input_file id="fl-14c">
         <path>c:\ti\ccsv6\tools\compiler\arm_5.1.5\lib\</path>
         <kind>archive</kind>
         <file>rtsv7M4_T_le_v4SPD16_eabi.lib</file>
         <name>memset_t2.obj</name>
      </input_file>
      <input_file id="fl-14d">
         <path>c:\ti\ccsv6\tools\compiler\arm_5.1.5\lib\</path>
         <kind>archive</kind>
         <file>rtsv7M4_T_le_v4SPD16_eabi.lib</file>
         <name>stkdepth_vars.obj</name>
      </input_file>
      <input_file id="fl-14e">
         <path>c:\ti\ccsv6\tools\compiler\arm_5.1.5\lib\</path>
         <kind>archive</kind>
         <file>rtsv7M4_T_le_v4SPD16_eabi.lib</file>
         <name>strchr.obj</name>
      </input_file>
      <input_file id="fl-14f">
         <path>c:\ti\ccsv6\tools\compiler\arm_5.1.5\lib\</path>
         <kind>archive</kind>
         <file>rtsv7M4_T_le_v4SPD16_eabi.lib</file>
         <name>strcmp.obj</name>
      </input_file>
      <input_file id="fl-150">
         <path>c:\ti\ccsv6\tools\compiler\arm_5.1.5\lib\</path>
         <kind>archive</kind>
         <file>rtsv7M4_T_le_v4SPD16_eabi.lib</file>
         <name>strlen.obj</name>
      </input_file>
      <input_file id="fl-151">
         <path>c:\ti\ccsv6\tools\compiler\arm_5.1.5\lib\</path>
         <kind>archive</kind>
         <file>rtsv7M4_T_le_v4SPD16_eabi.lib</file>
         <name>strncmp.obj</name>
      </input_file>
      <input_file id="fl-152">
         <path>c:\ti\ccsv6\tools\compiler\arm_5.1.5\lib\</path>
         <kind>archive</kind>
         <file>rtsv7M4_T_le_v4SPD16_eabi.lib</file>
         <name>strstr.obj</name>
      </input_file>
      <input_file id="fl-153">
         <path>c:\ti\ccsv6\tools\compiler\arm_5.1.5\lib\</path>
         <kind>archive</kind>
         <file>rtsv7M4_T_le_v4SPD16_eabi.lib</file>
         <name>u_divt2.obj</name>
      </input_file>
      <input_file id="fl-154">
         <path>c:\ti\ccsv6\tools\compiler\arm_5.1.5\lib\</path>
         <kind>archive</kind>
         <file>rtsv7M4_T_le_v4SPD16_eabi.lib</file>
         <name>_lock.obj</name>
      </input_file>
      <input_file id="fl-155">
         <path>c:\ti\ccsv6\tools\compiler\arm_5.1.5\lib\</path>
         <kind>archive</kind>
         <file>rtsv7M4_T_le_v4SPD16_eabi.lib</file>
         <name>args_main.obj</name>
      </input_file>
      <input_file id="fl-156">
         <path>c:\ti\ccsv6\tools\compiler\arm_5.1.5\lib\</path>
         <kind>archive</kind>
         <file>rtsv7M4_T_le_v4SPD16_eabi.lib</file>
         <name>auto_init.obj</name>
      </input_file>
      <input_file id="fl-157">
         <path>c:\ti\ccsv6\tools\compiler\arm_5.1.5\lib\</path>
         <kind>archive</kind>
         <file>rtsv7M4_T_le_v4SPD16_eabi.lib</file>
         <name>cpy_tbl.obj</name>
      </input_file>
      <input_file id="fl-158">
         <path>C:\ti\TivaWare_C_Series-2.0.1.11577\driverlib\ccs\Debug\</path>
         <kind>archive</kind>
         <file>driverlib.lib</file>
         <name>timer.obj</name>
      </input_file>
      <input_file id="fl-159">
         <path>C:\ti\TivaWare_C_Series-2.0.1.11577\driverlib\ccs\Debug\</path>
         <kind>archive</kind>
         <file>driverlib.lib</file>
         <name>sysctl.obj</name>
      </input_file>
      <input_file id="fl-15a">
         <path>C:\ti\TivaWare_C_Series-2.0.1.11577\driverlib\ccs\Debug\</path>
         <kind>archive</kind>
         <file>driverlib.lib</file>
         <name>lcd.obj</name>
      </input_file>
      <input_file id="fl-15b">
         <path>C:\ti\TivaWare_C_Series-2.0.1.11577\driverlib\ccs\Debug\</path>
         <kind>archive</kind>
         <file>driverlib.lib</file>
         <name>interrupt.obj</name>
      </input_file>
      <input_file id="fl-15c">
         <path>C:\ti\TivaWare_C_Series-2.0.1.11577\driverlib\ccs\Debug\</path>
         <kind>archive</kind>
         <file>driverlib.lib</file>
         <name>gpio.obj</name>
      </input_file>
      <input_file id="fl-15d">
         <path>C:\ti\TivaWare_C_Series-2.0.1.11577\driverlib\ccs\Debug\</path>
         <kind>archive</kind>
         <file>driverlib.lib</file>
         <name>emac.obj</name>
      </input_file>
      <input_file id="fl-15e">
         <path>C:\ti\TivaWare_C_Series-2.0.1.11577\driverlib\ccs\Debug\</path>
         <kind>archive</kind>
         <file>driverlib.lib</file>
         <name>cpu.obj</name>
      </input_file>
      <input_file id="fl-15f">
         <path>C:\ti\TivaWare_C_Series-2.0.1.11577\driverlib\ccs\Debug\</path>
         <kind>archive</kind>
         <file>driverlib.lib</file>
         <name>sw_crc.obj</name>
      </input_file>
      <input_file id="fl-160">
         <path>C:\ti\TivaWare_C_Series-2.0.1.11577\grlib\ccs\Debug\</path>
         <kind>archive</kind>
         <file>grlib.lib</file>
         <name>fontcmss18b.obj</name>
      </input_file>
      <input_file id="fl-161">
         <path>C:\ti\TivaWare_C_Series-2.0.1.11577\grlib\ccs\Debug\</path>
         <kind>archive</kind>
         <file>grlib.lib</file>
         <name>string.obj</name>
      </input_file>
      <input_file id="fl-162">
         <path>C:\ti\TivaWare_C_Series-2.0.1.11577\grlib\ccs\Debug\</path>
         <kind>archive</kind>
         <file>grlib.lib</file>
         <name>image.obj</name>
      </input_file>
      <input_file id="fl-163">
         <path>C:\ti\TivaWare_C_Series-2.0.1.11577\grlib\ccs\Debug\</path>
         <kind>archive</kind>
         <file>grlib.lib</file>
         <name>context.obj</name>
      </input_file>
      <input_file id="fl-164">
         <path>C:\ti\TivaWare_C_Series-2.0.1.11577\grlib\ccs\Debug\</path>
         <kind>archive</kind>
         <file>grlib.lib</file>
         <name>charmap.obj</name>
      </input_file>
      <input_file id="fl-165">
         <path>C:\ti\TivaWare_C_Series-2.0.1.11577\sensorlib\ccs\Debug\</path>
         <kind>archive</kind>
         <file>sensorlib.lib</file>
         <name>tmp100.obj</name>
      </input_file>
      <input_file id="fl-166">
         <path>C:\ti\TivaWare_C_Series-2.0.1.11577\sensorlib\ccs\Debug\</path>
         <kind>archive</kind>
         <file>sensorlib.lib</file>
         <name>i2cm_drv.obj</name>
      </input_file>
      <input_file id="fl-167">
         <path>C:\ti\TivaWare_C_Series-2.0.1.11577\driverlib\ccs\Debug\</path>
         <kind>archive</kind>
         <file>driverlib.lib</file>
         <name>i2c.obj</name>
      </input_file>
   </input_file_list>
   <object_component_list>
      <object_component id="oc-e">
         <name>.intvecs</name>
         <load_address>0x0</load_address>
         <run_address>0x0</run_address>
         <size>0x200</size>
         <input_file_ref idref="fl-12"/>
      </object_component>
      <object_component id="oc-235">
         <name>.text:PinoutSet</name>
         <load_address>0x200</load_address>
         <run_address>0x200</run_address>
         <size>0x4c8</size>
         <input_file_ref idref="fl-3"/>
      </object_component>
      <object_component id="oc-23a">
         <name>.text:Kentec320x240x16_SSD2119Init</name>
         <load_address>0x6c8</load_address>
         <run_address>0x6c8</run_address>
         <size>0x488</size>
         <input_file_ref idref="fl-4"/>
      </object_component>
      <object_component id="oc-4ab">
         <name>.text:InternalImageDraw</name>
         <load_address>0xb50</load_address>
         <run_address>0xb50</run_address>
         <size>0x374</size>
         <input_file_ref idref="fl-162"/>
      </object_component>
      <object_component id="oc-5b6">
         <name>.text:PixelTransparentDraw</name>
         <load_address>0xec4</load_address>
         <run_address>0xec4</run_address>
         <size>0x2ba</size>
         <input_file_ref idref="fl-162"/>
      </object_component>
      <object_component id="oc-48f">
         <name>.text:GrFontGlyphRender</name>
         <load_address>0x117e</load_address>
         <run_address>0x117e</run_address>
         <size>0x266</size>
         <input_file_ref idref="fl-161"/>
      </object_component>
      <object_component id="oc-594">
         <name>.text:uvsnprintf</name>
         <load_address>0x13e4</load_address>
         <run_address>0x13e4</run_address>
         <size>0x245</size>
         <input_file_ref idref="fl-f"/>
      </object_component>
      <object_component id="oc-2e">
         <name>.text:FaultISR</name>
         <load_address>0x162a</load_address>
         <run_address>0x162a</run_address>
         <size>0x2</size>
         <input_file_ref idref="fl-12"/>
      </object_component>
      <object_component id="oc-244">
         <name>.text:FrameDraw</name>
         <load_address>0x162c</load_address>
         <run_address>0x162c</run_address>
         <size>0x200</size>
         <input_file_ref idref="fl-5"/>
      </object_component>
      <object_component id="oc-3e7">
         <name>.text:Kentec320x240x16_SSD2119PixelDrawMultiple</name>
         <load_address>0x182c</load_address>
         <run_address>0x182c</run_address>
         <size>0x1c4</size>
         <input_file_ref idref="fl-4"/>
      </object_component>
      <object_component id="oc-d0">
         <name>.text:main</name>
         <load_address>0x19f0</load_address>
         <run_address>0x19f0</run_address>
         <size>0x19c</size>
         <input_file_ref idref="fl-15"/>
      </object_component>
      <object_component id="oc-3f6">
         <name>.text:Kentec320x240x16_SSD2119RectFill</name>
         <load_address>0x1b8c</load_address>
         <run_address>0x1b8c</run_address>
         <size>0x184</size>
         <input_file_ref idref="fl-4"/>
      </object_component>
      <object_component id="oc-94">
         <name>.text:TouchScreenDebouncer</name>
         <load_address>0x1d10</load_address>
         <run_address>0x1d10</run_address>
         <size>0x17c</size>
         <input_file_ref idref="fl-2"/>
      </object_component>
      <object_component id="oc-41">
         <name>.text:TouchScreenIntHandler</name>
         <load_address>0x1e8c</load_address>
         <run_address>0x1e8c</run_address>
         <size>0x140</size>
         <input_file_ref idref="fl-2"/>
      </object_component>
      <object_component id="oc-47e">
         <name>.text:GPIOPadConfigSet</name>
         <load_address>0x1fcc</load_address>
         <run_address>0x1fcc</run_address>
         <size>0x130</size>
         <input_file_ref idref="fl-15c"/>
      </object_component>
      <object_component id="oc-8e">
         <name>.text:xTaskIncrementTick</name>
         <load_address>0x20fc</load_address>
         <run_address>0x20fc</run_address>
         <size>0x114</size>
         <input_file_ref idref="fl-a"/>
      </object_component>
      <object_component id="oc-431">
         <name>.text:xQueueGenericReceive</name>
         <load_address>0x2210</load_address>
         <run_address>0x2210</run_address>
         <size>0x100</size>
         <input_file_ref idref="fl-b"/>
      </object_component>
      <object_component id="oc-bb">
         <name>.text:I2CMIntHandler</name>
         <load_address>0x2310</load_address>
         <run_address>0x2310</run_address>
         <size>0xf2</size>
         <input_file_ref idref="fl-166"/>
      </object_component>
      <object_component id="oc-33">
         <name>.text:IntDefaultHandler</name>
         <load_address>0x2402</load_address>
         <run_address>0x2402</run_address>
         <size>0x2</size>
         <input_file_ref idref="fl-12"/>
      </object_component>
      <object_component id="oc-258">
         <name>.text:xTaskGenericCreate</name>
         <load_address>0x2404</load_address>
         <run_address>0x2404</run_address>
         <size>0xe0</size>
         <input_file_ref idref="fl-a"/>
      </object_component>
      <object_component id="oc-509">
         <name>.text:xTaskResumeAll</name>
         <load_address>0x24e4</load_address>
         <run_address>0x24e4</run_address>
         <size>0xd0</size>
         <input_file_ref idref="fl-a"/>
      </object_component>
      <object_component id="oc-284">
         <name>.text:vDisplayTask</name>
         <load_address>0x25b4</load_address>
         <run_address>0x25b4</run_address>
         <size>0xcc</size>
         <input_file_ref idref="fl-15"/>
      </object_component>
      <object_component id="oc-343">
         <name>.text:GrDefaultStringRenderer</name>
         <load_address>0x2680</load_address>
         <run_address>0x2680</run_address>
         <size>0xca</size>
         <input_file_ref idref="fl-161"/>
      </object_component>
      <object_component id="oc-407">
         <name>.text:xQueueGenericSend</name>
         <load_address>0x274a</load_address>
         <run_address>0x274a</run_address>
         <size>0xc6</size>
         <input_file_ref idref="fl-b"/>
      </object_component>
      <object_component id="oc-3ec">
         <name>.text:Kentec320x240x16_SSD2119LineDrawH</name>
         <load_address>0x2810</load_address>
         <run_address>0x2810</run_address>
         <size>0xb0</size>
         <input_file_ref idref="fl-4"/>
      </object_component>
      <object_component id="oc-3f1">
         <name>.text:Kentec320x240x16_SSD2119LineDrawV</name>
         <load_address>0x28c0</load_address>
         <run_address>0x28c0</run_address>
         <size>0xb0</size>
         <input_file_ref idref="fl-4"/>
      </object_component>
      <object_component id="oc-3a8">
         <name>.text:pvPortMalloc</name>
         <load_address>0x2970</load_address>
         <run_address>0x2970</run_address>
         <size>0xac</size>
         <input_file_ref idref="fl-8"/>
      </object_component>
      <object_component id="oc-38">
         <name>.text</name>
         <load_address>0x2a1c</load_address>
         <run_address>0x2a1c</run_address>
         <size>0xa6</size>
         <input_file_ref idref="fl-6"/>
      </object_component>
      <object_component id="oc-64">
         <name>.text</name>
         <load_address>0x2ac2</load_address>
         <run_address>0x2ac2</run_address>
         <size>0x9c</size>
         <input_file_ref idref="fl-14b"/>
      </object_component>
      <object_component id="oc-400">
         <name>.text:Kentec320x240x16_SSD2119Flush</name>
         <load_address>0x2b5e</load_address>
         <run_address>0x2b5e</run_address>
         <size>0x2</size>
         <input_file_ref idref="fl-4"/>
      </object_component>
      <object_component id="oc-88">
         <name>.text:vTaskSwitchContext</name>
         <load_address>0x2b60</load_address>
         <run_address>0x2b60</run_address>
         <size>0x9c</size>
         <input_file_ref idref="fl-a"/>
      </object_component>
      <object_component id="oc-220">
         <name>.text:I2CMStateIdle</name>
         <load_address>0x2bfc</load_address>
         <run_address>0x2bfc</run_address>
         <size>0x98</size>
         <input_file_ref idref="fl-166"/>
      </object_component>
      <object_component id="oc-53">
         <name>.text</name>
         <load_address>0x2c94</load_address>
         <run_address>0x2c94</run_address>
         <size>0x94</size>
         <input_file_ref idref="fl-156"/>
      </object_component>
      <object_component id="oc-27f">
         <name>.text:vTemperatureTask</name>
         <load_address>0x2d28</load_address>
         <run_address>0x2d28</run_address>
         <size>0x8c</size>
         <input_file_ref idref="fl-15"/>
      </object_component>
      <object_component id="oc-562">
         <name>.text:I2CMCommand</name>
         <load_address>0x2db4</load_address>
         <run_address>0x2db4</run_address>
         <size>0x84</size>
         <input_file_ref idref="fl-166"/>
      </object_component>
      <object_component id="oc-418">
         <name>.text:TMP100ReadModifyWrite</name>
         <load_address>0x2e38</load_address>
         <run_address>0x2e38</run_address>
         <size>0x80</size>
         <input_file_ref idref="fl-165"/>
      </object_component>
      <object_component id="oc-3e2">
         <name>.text:Kentec320x240x16_SSD2119PixelDraw</name>
         <load_address>0x2eb8</load_address>
         <run_address>0x2eb8</run_address>
         <size>0x78</size>
         <input_file_ref idref="fl-4"/>
      </object_component>
      <object_component id="oc-46">
         <name>.text:lwIPEthernetIntHandler</name>
         <load_address>0x2f30</load_address>
         <run_address>0x2f30</run_address>
         <size>0x78</size>
         <input_file_ref idref="fl-10"/>
      </object_component>
      <object_component id="oc-4e1">
         <name>.text</name>
         <load_address>0x2fa8</load_address>
         <run_address>0x2fa8</run_address>
         <size>0x78</size>
         <input_file_ref idref="fl-14c"/>
      </object_component>
      <object_component id="oc-56e">
         <name>.text:I2CMReadModifyWrite16LE</name>
         <load_address>0x3020</load_address>
         <run_address>0x3020</run_address>
         <size>0x74</size>
         <input_file_ref idref="fl-166"/>
      </object_component>
      <object_component id="oc-573">
         <name>.text:I2CMReadModifyWrite8</name>
         <load_address>0x3094</load_address>
         <run_address>0x3094</run_address>
         <size>0x70</size>
         <input_file_ref idref="fl-166"/>
      </object_component>
      <object_component id="oc-3b2">
         <name>.text:xQueueGenericReset</name>
         <load_address>0x3104</load_address>
         <run_address>0x3104</run_address>
         <size>0x70</size>
         <input_file_ref idref="fl-b"/>
      </object_component>
      <object_component id="oc-135">
         <name>.text:xTaskRemoveFromEventList</name>
         <load_address>0x3174</load_address>
         <run_address>0x3174</run_address>
         <size>0x70</size>
         <input_file_ref idref="fl-a"/>
      </object_component>
      <object_component id="oc-61e">
         <name>.text:I2CMReadModifyWrite16LECallback</name>
         <load_address>0x31e4</load_address>
         <run_address>0x31e4</run_address>
         <size>0x6c</size>
         <input_file_ref idref="fl-166"/>
      </object_component>
      <object_component id="oc-584">
         <name>.text:vTaskPriorityInherit</name>
         <load_address>0x3250</load_address>
         <run_address>0x3250</run_address>
         <size>0x6c</size>
         <input_file_ref idref="fl-a"/>
      </object_component>
      <object_component id="oc-267">
         <name>.text:GrStringWidthGet</name>
         <load_address>0x32bc</load_address>
         <run_address>0x32bc</run_address>
         <size>0x6a</size>
         <input_file_ref idref="fl-161"/>
      </object_component>
      <object_component id="oc-130">
         <name>.text:prvCopyDataToQueue</name>
         <load_address>0x3326</load_address>
         <run_address>0x3326</run_address>
         <size>0x6a</size>
         <input_file_ref idref="fl-b"/>
      </object_component>
      <object_component id="oc-23f">
         <name>.text:GrContextInit</name>
         <load_address>0x3390</load_address>
         <run_address>0x3390</run_address>
         <size>0x64</size>
         <input_file_ref idref="fl-163"/>
      </object_component>
      <object_component id="oc-601">
         <name>.text:IntIsEnabled</name>
         <load_address>0x33f4</load_address>
         <run_address>0x33f4</run_address>
         <size>0x64</size>
         <input_file_ref idref="fl-15b"/>
      </object_component>
      <object_component id="oc-34e">
         <name>.text:GrContextClipRegionSet</name>
         <load_address>0x3458</load_address>
         <run_address>0x3458</run_address>
         <size>0x62</size>
         <input_file_ref idref="fl-163"/>
      </object_component>
      <object_component id="oc-54c">
         <name>.text:prvUnlockQueue</name>
         <load_address>0x34ba</load_address>
         <run_address>0x34ba</run_address>
         <size>0x62</size>
         <input_file_ref idref="fl-b"/>
      </object_component>
      <object_component id="oc-624">
         <name>.text:I2CMReadModifyWrite8Callback</name>
         <load_address>0x351c</load_address>
         <run_address>0x351c</run_address>
         <size>0x60</size>
         <input_file_ref idref="fl-166"/>
      </object_component>
      <object_component id="oc-606">
         <name>.text:IntDisable</name>
         <load_address>0x357c</load_address>
         <run_address>0x357c</run_address>
         <size>0x60</size>
         <input_file_ref idref="fl-15b"/>
      </object_component>
      <object_component id="oc-379">
         <name>.text:IntEnable</name>
         <load_address>0x35dc</load_address>
         <run_address>0x35dc</run_address>
         <size>0x60</size>
         <input_file_ref idref="fl-15b"/>
      </object_component>
      <object_component id="oc-398">
         <name>.text:prvInitialiseTaskLists</name>
         <load_address>0x363c</load_address>
         <run_address>0x363c</run_address>
         <size>0x60</size>
         <input_file_ref idref="fl-a"/>
      </object_component>
      <object_component id="oc-211">
         <name>.text:I2CMStateWritePause</name>
         <load_address>0x369c</load_address>
         <run_address>0x369c</run_address>
         <size>0x5e</size>
         <input_file_ref idref="fl-166"/>
      </object_component>
      <object_component id="oc-76">
         <name>.text</name>
         <load_address>0x36fa</load_address>
         <run_address>0x36fa</run_address>
         <size>0x5e</size>
         <input_file_ref idref="fl-147"/>
      </object_component>
      <object_component id="oc-528">
         <name>.text:FontWideGlyphDataGet</name>
         <load_address>0x3758</load_address>
         <run_address>0x3758</run_address>
         <size>0x5c</size>
         <input_file_ref idref="fl-161"/>
      </object_component>
      <object_component id="oc-51c">
         <name>.text:prvCheckTasksWaitingTermination</name>
         <load_address>0x37b4</load_address>
         <run_address>0x37b4</run_address>
         <size>0x58</size>
         <input_file_ref idref="fl-a"/>
      </object_component>
      <object_component id="oc-a3">
         <name>.text:xQueueGenericSendFromISR</name>
         <load_address>0x380c</load_address>
         <run_address>0x380c</run_address>
         <size>0x56</size>
         <input_file_ref idref="fl-b"/>
      </object_component>
      <object_component id="oc-29">
         <name>.text:NmiSR</name>
         <load_address>0x3862</load_address>
         <run_address>0x3862</run_address>
         <size>0x2</size>
         <input_file_ref idref="fl-12"/>
      </object_component>
      <object_component id="oc-547">
         <name>.text:xTaskCheckForTimeOut</name>
         <load_address>0x3864</load_address>
         <run_address>0x3864</run_address>
         <size>0x54</size>
         <input_file_ref idref="fl-a"/>
      </object_component>
      <object_component id="oc-41d">
         <name>.text:TMP100DataRead</name>
         <load_address>0x38b8</load_address>
         <run_address>0x38b8</run_address>
         <size>0x50</size>
         <input_file_ref idref="fl-165"/>
      </object_component>
      <object_component id="oc-413">
         <name>.text:TMP100Init</name>
         <load_address>0x3908</load_address>
         <run_address>0x3908</run_address>
         <size>0x50</size>
         <input_file_ref idref="fl-165"/>
      </object_component>
      <object_component id="oc-216">
         <name>.text:I2CMStateWriteFinal</name>
         <load_address>0x3958</load_address>
         <run_address>0x3958</run_address>
         <size>0x4e</size>
         <input_file_ref idref="fl-166"/>
      </object_component>
      <object_component id="oc-389">
         <name>.text:prvInitialiseTCBVariables</name>
         <load_address>0x39a6</load_address>
         <run_address>0x39a6</run_address>
         <size>0x4e</size>
         <input_file_ref idref="fl-a"/>
      </object_component>
      <object_component id="oc-55c">
         <name>.text:prvAddCurrentTaskToDelayedList</name>
         <load_address>0x39f4</load_address>
         <run_address>0x39f4</run_address>
         <size>0x4c</size>
         <input_file_ref idref="fl-a"/>
      </object_component>
      <object_component id="oc-25d">
         <name>.text:xQueueGenericCreate</name>
         <load_address>0x3a40</load_address>
         <run_address>0x3a40</run_address>
         <size>0x4c</size>
         <input_file_ref idref="fl-b"/>
      </object_component>
      <object_component id="oc-4b2">
         <name>.text:UpdateContextCharMapping</name>
         <load_address>0x3a8c</load_address>
         <run_address>0x3a8c</run_address>
         <size>0x4a</size>
         <input_file_ref idref="fl-161"/>
      </object_component>
      <object_component id="oc-202">
         <name>.text:I2CMStateReadNext</name>
         <load_address>0x3ad6</load_address>
         <run_address>0x3ad6</run_address>
         <size>0x48</size>
         <input_file_ref idref="fl-166"/>
      </object_component>
      <object_component id="oc-521">
         <name>.text:vApplicationIdleHook</name>
         <load_address>0x3b1e</load_address>
         <run_address>0x3b1e</run_address>
         <size>0x2</size>
         <input_file_ref idref="fl-13"/>
      </object_component>
      <object_component id="oc-374">
         <name>.text:I2CMasterInitExpClk</name>
         <load_address>0x3b20</load_address>
         <run_address>0x3b20</run_address>
         <size>0x48</size>
         <input_file_ref idref="fl-167"/>
      </object_component>
      <object_component id="oc-10">
         <name>.text</name>
         <load_address>0x3b68</load_address>
         <run_address>0x3b68</run_address>
         <size>0x48</size>
         <input_file_ref idref="fl-145"/>
      </object_component>
      <object_component id="oc-2d0">
         <name>.text:vTaskPriorityDisinherit</name>
         <load_address>0x3bb0</load_address>
         <run_address>0x3bb0</run_address>
         <size>0x48</size>
         <input_file_ref idref="fl-a"/>
      </object_component>
      <object_component id="oc-262">
         <name>.text:vTaskStartScheduler</name>
         <load_address>0x3bf8</load_address>
         <run_address>0x3bf8</run_address>
         <size>0x48</size>
         <input_file_ref idref="fl-a"/>
      </object_component>
      <object_component id="oc-21b">
         <name>.text:I2CMStateWriteNext</name>
         <load_address>0x3c40</load_address>
         <run_address>0x3c40</run_address>
         <size>0x46</size>
         <input_file_ref idref="fl-166"/>
      </object_component>
      <object_component id="oc-1ee">
         <name>.text:I2CMStateCallback</name>
         <load_address>0x3c86</load_address>
         <run_address>0x3c86</run_address>
         <size>0x44</size>
         <input_file_ref idref="fl-166"/>
      </object_component>
      <object_component id="oc-f4">
         <name>.text:vApplicationStackOverflowHook</name>
         <load_address>0x3cca</load_address>
         <run_address>0x3cca</run_address>
         <size>0x2</size>
         <input_file_ref idref="fl-13"/>
      </object_component>
      <object_component id="oc-ca">
         <name>.text</name>
         <load_address>0x3ccc</load_address>
         <run_address>0x3ccc</run_address>
         <size>0x44</size>
         <input_file_ref idref="fl-157"/>
      </object_component>
      <object_component id="oc-5c">
         <name>.text</name>
         <load_address>0x3d10</load_address>
         <run_address>0x3d10</run_address>
         <size>0x44</size>
         <input_file_ref idref="fl-149"/>
      </object_component>
      <object_component id="oc-3ad">
         <name>.text:vPortFree</name>
         <load_address>0x3d54</load_address>
         <run_address>0x3d54</run_address>
         <size>0x44</size>
         <input_file_ref idref="fl-8"/>
      </object_component>
      <object_component id="oc-556">
         <name>.text:vTaskPlaceOnEventList</name>
         <load_address>0x3d98</load_address>
         <run_address>0x3d98</run_address>
         <size>0x44</size>
         <input_file_ref idref="fl-a"/>
      </object_component>
      <object_component id="oc-633">
         <name>.text</name>
         <load_address>0x3ddc</load_address>
         <run_address>0x3ddc</run_address>
         <size>0x42</size>
         <input_file_ref idref="fl-153"/>
      </object_component>
      <object_component id="oc-3b8">
         <name>.text:xPortStartScheduler</name>
         <load_address>0x3e20</load_address>
         <run_address>0x3e20</run_address>
         <size>0x40</size>
         <input_file_ref idref="fl-7"/>
      </object_component>
      <object_component id="oc-1fd">
         <name>.text:I2CMStateReadFinal</name>
         <load_address>0x3e60</load_address>
         <run_address>0x3e60</run_address>
         <size>0x3e</size>
         <input_file_ref idref="fl-166"/>
      </object_component>
      <object_component id="oc-1f8">
         <name>.text:I2CMStateReadPause</name>
         <load_address>0x3e9e</load_address>
         <run_address>0x3e9e</run_address>
         <size>0x3e</size>
         <input_file_ref idref="fl-166"/>
      </object_component>
      <object_component id="oc-52d">
         <name>.text:FontGlyphDataGet</name>
         <load_address>0x3edc</load_address>
         <run_address>0x3edc</run_address>
         <size>0x3a</size>
         <input_file_ref idref="fl-161"/>
      </object_component>
      <object_component id="oc-5f7">
         <name>.text:vListInsert</name>
         <load_address>0x3f16</load_address>
         <run_address>0x3f16</run_address>
         <size>0x38</size>
         <input_file_ref idref="fl-c"/>
      </object_component>
      <object_component id="oc-32d">
         <name>.text:LCDIDDTimingSet</name>
         <load_address>0x3f4e</load_address>
         <run_address>0x3f4e</run_address>
         <size>0x36</size>
         <input_file_ref idref="fl-15a"/>
      </object_component>
      <object_component id="oc-384">
         <name>.text:prvAllocateTCBAndStack</name>
         <load_address>0x3f84</load_address>
         <run_address>0x3f84</run_address>
         <size>0x36</size>
         <input_file_ref idref="fl-a"/>
      </object_component>
      <object_component id="oc-253">
         <name>.text:I2CMInit</name>
         <load_address>0x3fba</load_address>
         <run_address>0x3fba</run_address>
         <size>0x34</size>
         <input_file_ref idref="fl-166"/>
      </object_component>
      <object_component id="oc-24e">
         <name>.text:SysCtlPeripheralEnable</name>
         <load_address>0x3ff0</load_address>
         <run_address>0x3ff0</run_address>
         <size>0x34</size>
         <input_file_ref idref="fl-159"/>
      </object_component>
      <object_component id="oc-40c">
         <name>.text:vTaskDelay</name>
         <load_address>0x4024</load_address>
         <run_address>0x4024</run_address>
         <size>0x34</size>
         <input_file_ref idref="fl-a"/>
      </object_component>
      <object_component id="oc-504">
         <name>.text:prvHeapInit</name>
         <load_address>0x4058</load_address>
         <run_address>0x4058</run_address>
         <size>0x30</size>
         <input_file_ref idref="fl-8"/>
      </object_component>
      <object_component id="oc-479">
         <name>.text:GPIODirModeSet</name>
         <load_address>0x4088</load_address>
         <run_address>0x4088</run_address>
         <size>0x2a</size>
         <input_file_ref idref="fl-15c"/>
      </object_component>
      <object_component id="oc-26c">
         <name>.text:GrFontBaselineGet</name>
         <load_address>0x40b2</load_address>
         <run_address>0x40b2</run_address>
         <size>0x2a</size>
         <input_file_ref idref="fl-161"/>
      </object_component>
      <object_component id="oc-3c3">
         <name>.text:GrStringNextCharGet</name>
         <load_address>0x40dc</load_address>
         <run_address>0x40dc</run_address>
         <size>0x2a</size>
         <input_file_ref idref="fl-161"/>
      </object_component>
      <object_component id="oc-207">
         <name>.text:I2CMStateReadFirst</name>
         <load_address>0x4106</load_address>
         <run_address>0x4106</run_address>
         <size>0x2a</size>
         <input_file_ref idref="fl-166"/>
      </object_component>
      <object_component id="oc-27a">
         <name>.text:vTimeTask</name>
         <load_address>0x4130</load_address>
         <run_address>0x4130</run_address>
         <size>0x28</size>
         <input_file_ref idref="fl-15"/>
      </object_component>
      <object_component id="oc-3cd">
         <name>.text:GrFontInfoGet</name>
         <load_address>0x4158</load_address>
         <run_address>0x4158</run_address>
         <size>0x26</size>
         <input_file_ref idref="fl-161"/>
      </object_component>
      <object_component id="oc-422">
         <name>.text:TMP100DataTemperatureGetFloat</name>
         <load_address>0x4180</load_address>
         <run_address>0x4180</run_address>
         <size>0x24</size>
         <input_file_ref idref="fl-165"/>
      </object_component>
      <object_component id="oc-589">
         <name>.text:prvCopyDataFromQueue</name>
         <load_address>0x41a4</load_address>
         <run_address>0x41a4</run_address>
         <size>0x24</size>
         <input_file_ref idref="fl-b"/>
      </object_component>
      <object_component id="oc-3c8">
         <name>.text:GrFontGlyphDataGet</name>
         <load_address>0x41c8</load_address>
         <run_address>0x41c8</run_address>
         <size>0x22</size>
         <input_file_ref idref="fl-161"/>
      </object_component>
      <object_component id="oc-31e">
         <name>.text:LCDModeSet</name>
         <load_address>0x41ea</load_address>
         <run_address>0x41ea</run_address>
         <size>0x22</size>
         <input_file_ref idref="fl-15a"/>
      </object_component>
      <object_component id="oc-38e">
         <name>.text:pxPortInitialiseStack</name>
         <load_address>0x420c</load_address>
         <run_address>0x420c</run_address>
         <size>0x22</size>
         <input_file_ref idref="fl-7"/>
      </object_component>
      <object_component id="oc-f9">
         <name>.text</name>
         <load_address>0x422e</load_address>
         <run_address>0x422e</run_address>
         <size>0x22</size>
         <input_file_ref idref="fl-14a"/>
      </object_component>
      <object_component id="oc-62e">
         <name>.text:ustrncpy</name>
         <load_address>0x4250</load_address>
         <run_address>0x4250</run_address>
         <size>0x22</size>
         <input_file_ref idref="fl-f"/>
      </object_component>
      <object_component id="oc-102">
         <name>.text:uxListRemove</name>
         <load_address>0x4272</load_address>
         <run_address>0x4272</run_address>
         <size>0x22</size>
         <input_file_ref idref="fl-c"/>
      </object_component>
      <object_component id="oc-20c">
         <name>.text:I2CMStateReadOne</name>
         <load_address>0x4294</load_address>
         <run_address>0x4294</run_address>
         <size>0x20</size>
         <input_file_ref idref="fl-166"/>
      </object_component>
      <object_component id="oc-436">
         <name>.text:usprintf</name>
         <load_address>0x42b4</load_address>
         <run_address>0x42b4</run_address>
         <size>0x20</size>
         <input_file_ref idref="fl-f"/>
      </object_component>
      <object_component id="oc-5c0">
         <name>.text:GrFontCodepageGet</name>
         <load_address>0x42d4</load_address>
         <run_address>0x42d4</run_address>
         <size>0x1e</size>
         <input_file_ref idref="fl-161"/>
      </object_component>
      <object_component id="oc-551">
         <name>.text:prvIsQueueFull</name>
         <load_address>0x42f2</load_address>
         <run_address>0x42f2</run_address>
         <size>0x1c</size>
         <input_file_ref idref="fl-b"/>
      </object_component>
      <object_component id="oc-3c">
         <name>.text:xPortSysTickHandler</name>
         <load_address>0x4310</load_address>
         <run_address>0x4310</run_address>
         <size>0x1c</size>
         <input_file_ref idref="fl-7"/>
      </object_component>
      <object_component id="oc-57f">
         <name>.text:prvIsQueueEmpty</name>
         <load_address>0x432c</load_address>
         <run_address>0x432c</run_address>
         <size>0x1a</size>
         <input_file_ref idref="fl-b"/>
      </object_component>
      <object_component id="oc-1f3">
         <name>.text:I2CMStateReadWait</name>
         <load_address>0x4346</load_address>
         <run_address>0x4346</run_address>
         <size>0x18</size>
         <input_file_ref idref="fl-166"/>
      </object_component>
      <object_component id="oc-57">
         <name>.text</name>
         <load_address>0x4360</load_address>
         <run_address>0x4360</run_address>
         <size>0x18</size>
         <input_file_ref idref="fl-155"/>
      </object_component>
      <object_component id="oc-107">
         <name>.text:vListInsertEnd</name>
         <load_address>0x4378</load_address>
         <run_address>0x4378</run_address>
         <size>0x18</size>
         <input_file_ref idref="fl-c"/>
      </object_component>
      <object_component id="oc-542">
         <name>.text:vTaskSetTimeOutState</name>
         <load_address>0x4390</load_address>
         <run_address>0x4390</run_address>
         <size>0x18</size>
         <input_file_ref idref="fl-a"/>
      </object_component>
      <object_component id="oc-3fb">
         <name>.text:Kentec320x240x16_SSD2119ColorTranslate</name>
         <load_address>0x43a8</load_address>
         <run_address>0x43a8</run_address>
         <size>0x16</size>
         <input_file_ref idref="fl-4"/>
      </object_component>
      <object_component id="oc-567">
         <name>.text:TMP100Callback</name>
         <load_address>0x43be</load_address>
         <run_address>0x43be</run_address>
         <size>0x16</size>
         <input_file_ref idref="fl-165"/>
      </object_component>
      <object_component id="oc-4f0">
         <name>.text:vListInitialise</name>
         <load_address>0x43d4</load_address>
         <run_address>0x43d4</run_address>
         <size>0x16</size>
         <input_file_ref idref="fl-c"/>
      </object_component>
      <object_component id="oc-516">
         <name>.text:prvSetupTimerInterrupt</name>
         <load_address>0x43ec</load_address>
         <run_address>0x43ec</run_address>
         <size>0x14</size>
         <input_file_ref idref="fl-7"/>
      </object_component>
      <object_component id="oc-295">
         <name>.text</name>
         <load_address>0x4400</load_address>
         <run_address>0x4400</run_address>
         <size>0x14</size>
         <input_file_ref idref="fl-154"/>
      </object_component>
      <object_component id="oc-393">
         <name>.text:vPortEnterCritical</name>
         <load_address>0x4414</load_address>
         <run_address>0x4414</run_address>
         <size>0x14</size>
         <input_file_ref idref="fl-7"/>
      </object_component>
      <object_component id="oc-39d">
         <name>.text:vPortExitCritical</name>
         <load_address>0x4428</load_address>
         <run_address>0x4428</run_address>
         <size>0x14</size>
         <input_file_ref idref="fl-7"/>
      </object_component>
      <object_component id="oc-312">
         <name>.text:GPIOPinTypeEthernetLED</name>
         <load_address>0x443c</load_address>
         <run_address>0x443c</run_address>
         <size>0x12</size>
         <input_file_ref idref="fl-15c"/>
      </object_component>
      <object_component id="oc-271">
         <name>.text:GrStringDraw</name>
         <load_address>0x444e</load_address>
         <run_address>0x444e</run_address>
         <size>0x12</size>
         <input_file_ref idref="fl-161"/>
      </object_component>
      <object_component id="oc-19">
         <name>.text:decompress:ZI</name>
         <load_address>0x4460</load_address>
         <run_address>0x4460</run_address>
         <size>0x12</size>
         <input_file_ref idref="fl-148"/>
      </object_component>
      <object_component id="oc-5e4">
         <name>.text:prvDeleteTCB</name>
         <load_address>0x4472</load_address>
         <run_address>0x4472</run_address>
         <size>0x12</size>
         <input_file_ref idref="fl-a"/>
      </object_component>
      <object_component id="oc-3a2">
         <name>.text:vPortYield</name>
         <load_address>0x4484</load_address>
         <run_address>0x4484</run_address>
         <size>0x10</size>
         <input_file_ref idref="fl-7"/>
      </object_component>
      <object_component id="oc-a8">
         <name>.text:vPortYieldFromISR</name>
         <load_address>0x4494</load_address>
         <run_address>0x4494</run_address>
         <size>0x10</size>
         <input_file_ref idref="fl-7"/>
      </object_component>
      <object_component id="oc-4ff">
         <name>.text:vTaskSuspendAll</name>
         <load_address>0x44a4</load_address>
         <run_address>0x44a4</run_address>
         <size>0x10</size>
         <input_file_ref idref="fl-a"/>
      </object_component>
      <object_component id="oc-353">
         <name>.text:GrImageDraw</name>
         <load_address>0x44b4</load_address>
         <run_address>0x44b4</run_address>
         <size>0xe</size>
         <input_file_ref idref="fl-162"/>
      </object_component>
      <object_component id="oc-14">
         <name>.text:decompress:none</name>
         <load_address>0x44c2</load_address>
         <run_address>0x44c2</run_address>
         <size>0xe</size>
         <input_file_ref idref="fl-146"/>
      </object_component>
      <object_component id="oc-4b">
         <name>.text:I2CMSimpleIntHandler</name>
         <load_address>0x44d0</load_address>
         <run_address>0x44d0</run_address>
         <size>0xc</size>
         <input_file_ref idref="fl-15"/>
      </object_component>
      <object_component id="oc-60b">
         <name>.text:IntTrigger</name>
         <load_address>0x44dc</load_address>
         <run_address>0x44dc</run_address>
         <size>0xc</size>
         <input_file_ref idref="fl-15b"/>
      </object_component>
      <object_component id="oc-332">
         <name>.text:LCDIDDCommandWrite</name>
         <load_address>0x44e8</load_address>
         <run_address>0x44e8</run_address>
         <size>0xc</size>
         <input_file_ref idref="fl-15a"/>
      </object_component>
      <object_component id="oc-337">
         <name>.text:LCDIDDDataWrite</name>
         <load_address>0x44f4</load_address>
         <run_address>0x44f4</run_address>
         <size>0xc</size>
         <input_file_ref idref="fl-15a"/>
      </object_component>
      <object_component id="oc-249">
         <name>.text:SysCtlMOSCConfigSet</name>
         <load_address>0x4500</load_address>
         <run_address>0x4500</run_address>
         <size>0xc</size>
         <input_file_ref idref="fl-159"/>
      </object_component>
      <object_component id="oc-429">
         <name>.text:TMP100Callback</name>
         <load_address>0x450c</load_address>
         <run_address>0x450c</run_address>
         <size>0xc</size>
         <input_file_ref idref="fl-15"/>
      </object_component>
      <object_component id="oc-3bd">
         <name>.text:prvIdleTask</name>
         <load_address>0x4518</load_address>
         <run_address>0x4518</run_address>
         <size>0xc</size>
         <input_file_ref idref="fl-a"/>
      </object_component>
      <object_component id="oc-5f0">
         <name>.text:vTaskMissedYield</name>
         <load_address>0x4524</load_address>
         <run_address>0x4524</run_address>
         <size>0xc</size>
         <input_file_ref idref="fl-a"/>
      </object_component>
      <object_component id="oc-58e">
         <name>.text:xTaskGetCurrentTaskHandle</name>
         <load_address>0x4530</load_address>
         <run_address>0x4530</run_address>
         <size>0xc</size>
         <input_file_ref idref="fl-a"/>
      </object_component>
      <object_component id="oc-4d6">
         <name>.text:I2CMasterEnable</name>
         <load_address>0x453c</load_address>
         <run_address>0x453c</run_address>
         <size>0xa</size>
         <input_file_ref idref="fl-167"/>
      </object_component>
      <object_component id="oc-49a">
         <name>.text:GrMapISO8859_1_Unicode</name>
         <load_address>0x4546</load_address>
         <run_address>0x4546</run_address>
         <size>0x8</size>
         <input_file_ref idref="fl-164"/>
      </object_component>
      <object_component id="oc-1e4">
         <name>.text:I2CMasterIntClear</name>
         <load_address>0x454e</load_address>
         <run_address>0x454e</run_address>
         <size>0x8</size>
         <input_file_ref idref="fl-167"/>
      </object_component>
      <object_component id="oc-37e">
         <name>.text:I2CMasterIntEnableEx</name>
         <load_address>0x4556</load_address>
         <run_address>0x4556</run_address>
         <size>0x8</size>
         <input_file_ref idref="fl-167"/>
      </object_component>
      <object_component id="oc-2ef">
         <name>.text:I2CMasterSlaveAddrSet</name>
         <load_address>0x455e</load_address>
         <run_address>0x455e</run_address>
         <size>0x8</size>
         <input_file_ref idref="fl-167"/>
      </object_component>
      <object_component id="oc-9e">
         <name>.text:EMACTimestampIntStatus</name>
         <load_address>0x4566</load_address>
         <run_address>0x4566</run_address>
         <size>0x6</size>
         <input_file_ref idref="fl-15d"/>
      </object_component>
      <object_component id="oc-318">
         <name>.text:GPIOPinWrite</name>
         <load_address>0x456c</load_address>
         <run_address>0x456c</run_address>
         <size>0x6</size>
         <input_file_ref idref="fl-15c"/>
      </object_component>
      <object_component id="oc-358">
         <name>.text:GrContextFontSet</name>
         <load_address>0x4572</load_address>
         <run_address>0x4572</run_address>
         <size>0x6</size>
         <input_file_ref idref="fl-161"/>
      </object_component>
      <object_component id="oc-24">
         <name>.text:ResetISR</name>
         <load_address>0x4578</load_address>
         <run_address>0x4578</run_address>
         <size>0x6</size>
         <input_file_ref idref="fl-12"/>
      </object_component>
      <object_component id="oc-31d">
         <name>.text:SysCtlDelay</name>
         <load_address>0x457e</load_address>
         <run_address>0x457e</run_address>
         <size>0x6</size>
         <input_file_ref idref="fl-159"/>
      </object_component>
      <object_component id="oc-1e">
         <name>.text:decompress:rle24</name>
         <load_address>0x4584</load_address>
         <run_address>0x4584</run_address>
         <size>0x6</size>
         <input_file_ref idref="fl-147"/>
      </object_component>
      <object_component id="oc-4e6">
         <name>.text:vListInitialiseItem</name>
         <load_address>0x458a</load_address>
         <run_address>0x458a</run_address>
         <size>0x6</size>
         <input_file_ref idref="fl-c"/>
      </object_component>
      <object_component id="oc-1e9">
         <name>.text:I2CMasterControl</name>
         <load_address>0x4590</load_address>
         <run_address>0x4590</run_address>
         <size>0x4</size>
         <input_file_ref idref="fl-167"/>
      </object_component>
      <object_component id="oc-2e6">
         <name>.text:I2CMasterDataGet</name>
         <load_address>0x4594</load_address>
         <run_address>0x4594</run_address>
         <size>0x4</size>
         <input_file_ref idref="fl-167"/>
      </object_component>
      <object_component id="oc-2f6">
         <name>.text:I2CMasterDataPut</name>
         <load_address>0x4598</load_address>
         <run_address>0x4598</run_address>
         <size>0x4</size>
         <input_file_ref idref="fl-167"/>
      </object_component>
      <object_component id="oc-323">
         <name>.text:LCDDMAConfigSet</name>
         <load_address>0x459c</load_address>
         <run_address>0x459c</run_address>
         <size>0x4</size>
         <input_file_ref idref="fl-15a"/>
      </object_component>
      <object_component id="oc-328">
         <name>.text:LCDIDDConfigSet</name>
         <load_address>0x45a0</load_address>
         <run_address>0x45a0</run_address>
         <size>0x4</size>
         <input_file_ref idref="fl-15a"/>
      </object_component>
      <object_component id="oc-35f">
         <name>.const:.string:g_pui8Top</name>
         <load_address>0x45a4</load_address>
         <run_address>0x45a4</run_address>
         <size>0x1a46</size>
         <input_file_ref idref="fl-5"/>
      </object_component>
      <object_component id="oc-369">
         <name>.const:.string:g_pui8Bottom</name>
         <load_address>0x5fea</load_address>
         <run_address>0x5fea</run_address>
         <size>0x786</size>
         <input_file_ref idref="fl-5"/>
      </object_component>
      <object_component id="oc-4c8">
         <name>.const:.string:g_pui8Cmss18bData</name>
         <load_address>0x6770</load_address>
         <run_address>0x6770</run_address>
         <size>0x782</size>
         <input_file_ref idref="fl-160"/>
      </object_component>
      <object_component id="oc-363">
         <name>.const:.string:g_pui8Left</name>
         <load_address>0x6ef2</load_address>
         <run_address>0x6ef2</run_address>
         <size>0x546</size>
         <input_file_ref idref="fl-5"/>
      </object_component>
      <object_component id="oc-365">
         <name>.const:.string:g_pui8Right</name>
         <load_address>0x7438</load_address>
         <run_address>0x7438</run_address>
         <size>0x546</size>
         <input_file_ref idref="fl-5"/>
      </object_component>
      <object_component id="oc-35d">
         <name>.const:.string:g_pui8TopLeft</name>
         <load_address>0x797e</load_address>
         <run_address>0x797e</run_address>
         <size>0x17c</size>
         <input_file_ref idref="fl-5"/>
      </object_component>
      <object_component id="oc-361">
         <name>.const:.string:g_pui8TopRight</name>
         <load_address>0x7afa</load_address>
         <run_address>0x7afa</run_address>
         <size>0x173</size>
         <input_file_ref idref="fl-5"/>
      </object_component>
      <object_component id="oc-367">
         <name>.const:.string:g_pui8BottomLeft</name>
         <load_address>0x7c6d</load_address>
         <run_address>0x7c6d</run_address>
         <size>0xd0</size>
         <input_file_ref idref="fl-5"/>
      </object_component>
      <object_component id="oc-36d">
         <name>.const:g_sFontCmss18b</name>
         <load_address>0x7d40</load_address>
         <run_address>0x7d40</run_address>
         <size>0xc8</size>
         <input_file_ref idref="fl-160"/>
      </object_component>
      <object_component id="oc-36b">
         <name>.const:.string:g_pui8BottomRight</name>
         <load_address>0x7e08</load_address>
         <run_address>0x7e08</run_address>
         <size>0xc4</size>
         <input_file_ref idref="fl-5"/>
      </object_component>
      <object_component id="oc-4dc">
         <name>.const</name>
         <load_address>0x7ecc</load_address>
         <run_address>0x7ecc</run_address>
         <size>0x70</size>
         <input_file_ref idref="fl-15b"/>
      </object_component>
      <object_component id="oc-278">
         <name>.const:g_sKentec320x240x16_SSD2119</name>
         <load_address>0x7f3c</load_address>
         <run_address>0x7f3c</run_address>
         <size>0x28</size>
         <input_file_ref idref="fl-4"/>
      </object_component>
      <object_component id="oc-116">
         <name>.const</name>
         <load_address>0x7f64</load_address>
         <run_address>0x7f64</run_address>
         <size>0x1c</size>
         <input_file_ref idref="fl-2"/>
      </object_component>
      <object_component id="oc-fe">
         <name>.const:.string</name>
         <load_address>0x7f80</load_address>
         <run_address>0x7f80</run_address>
         <size>0x14</size>
         <input_file_ref idref="fl-a"/>
      </object_component>
      <object_component id="oc-348">
         <name>.const</name>
         <load_address>0x7f94</load_address>
         <run_address>0x7f94</run_address>
         <size>0x10</size>
         <input_file_ref idref="fl-163"/>
      </object_component>
      <object_component id="oc-66f">
         <name>.cinit..data.load</name>
         <load_address>0x7fa8</load_address>
         <run_address>0x7fa8</run_address>
         <size>0x24</size>
      </object_component>
      <object_component id="oc-66d">
         <name>__TI_handler_table</name>
         <load_address>0x7fcc</load_address>
         <run_address>0x7fcc</run_address>
         <size>0xc</size>
      </object_component>
      <object_component id="oc-670">
         <name>.cinit..bss.load</name>
         <load_address>0x7fd8</load_address>
         <run_address>0x7fd8</run_address>
         <size>0x8</size>
      </object_component>
      <object_component id="oc-66e">
         <name>__TI_cinit_table</name>
         <load_address>0x7fe0</load_address>
         <run_address>0x7fe0</run_address>
         <size>0x10</size>
      </object_component>
      <object_component id="oc-61">
         <name>.data</name>
         <load_address>0x200062ec</load_address>
         <run_address>0x200062ec</run_address>
         <size>0x4</size>
         <input_file_ref idref="fl-14d"/>
      </object_component>
      <object_component id="oc-86">
         <name>.data</name>
         <load_address>0x200062a0</load_address>
         <run_address>0x200062a0</run_address>
         <size>0x30</size>
         <input_file_ref idref="fl-a"/>
      </object_component>
      <object_component id="oc-d7">
         <name>.data</name>
         <load_address>0x200062d8</load_address>
         <run_address>0x200062d8</run_address>
         <size>0x8</size>
         <input_file_ref idref="fl-154"/>
      </object_component>
      <object_component id="oc-d9">
         <name>.data</name>
         <load_address>0x200062e0</load_address>
         <run_address>0x200062e0</run_address>
         <size>0x8</size>
         <input_file_ref idref="fl-149"/>
      </object_component>
      <object_component id="oc-118">
         <name>.data</name>
         <load_address>0x200062f0</load_address>
         <run_address>0x200062f0</run_address>
         <size>0x4</size>
         <input_file_ref idref="fl-2"/>
      </object_component>
      <object_component id="oc-4ed">
         <name>.data</name>
         <load_address>0x200062e8</load_address>
         <run_address>0x200062e8</run_address>
         <size>0x4</size>
         <input_file_ref idref="fl-7"/>
      </object_component>
      <object_component id="oc-50e">
         <name>.data</name>
         <load_address>0x200062d0</load_address>
         <run_address>0x200062d0</run_address>
         <size>0x8</size>
         <input_file_ref idref="fl-8"/>
      </object_component>
      <object_component id="oc-c0">
         <name>.bss:g_sI2CMSimpleInst</name>
         <uninitialized>true</uninitialized>
         <run_address>0x20005050</run_address>
         <size>0x124</size>
         <input_file_ref idref="fl-15"/>
      </object_component>
      <object_component id="oc-ff">
         <name>.bss:pxReadyTasksLists</name>
         <uninitialized>true</uninitialized>
         <run_address>0x20004f10</run_address>
         <size>0x140</size>
         <input_file_ref idref="fl-a"/>
      </object_component>
      <object_component id="oc-28b">
         <name>.bss:g_sContext</name>
         <uninitialized>true</uninitialized>
         <run_address>0x20005174</run_address>
         <size>0x2c</size>
         <input_file_ref idref="fl-15"/>
      </object_component>
      <object_component id="oc-34a">
         <name>.bss</name>
         <uninitialized>true</uninitialized>
         <run_address>0x20005270</run_address>
         <size>0x4</size>
         <input_file_ref idref="fl-163"/>
      </object_component>
      <object_component id="oc-427">
         <name>.bss:sTMP100</name>
         <uninitialized>true</uninitialized>
         <run_address>0x200051a0</run_address>
         <size>0x2c</size>
         <input_file_ref idref="fl-15"/>
      </object_component>
      <object_component id="oc-5bb">
         <name>.bss</name>
         <uninitialized>true</uninitialized>
         <run_address>0x200051cc</run_address>
         <size>0x20</size>
         <input_file_ref idref="fl-162"/>
      </object_component>
      <object_component id="oc-5da">
         <name>.bss:ucHeap</name>
         <uninitialized>true</uninitialized>
         <run_address>0x20000000</run_address>
         <size>0x4f10</size>
         <input_file_ref idref="fl-8"/>
      </object_component>
      <object_component id="oc-99">
         <name>.common:g_ui32TSState</name>
         <uninitialized>true</uninitialized>
         <run_address>0x20005284</run_address>
         <size>0x4</size>
      </object_component>
      <object_component id="oc-11b">
         <name>.common:g_pfnTSHandler</name>
         <uninitialized>true</uninitialized>
         <run_address>0x20005278</run_address>
         <size>0x4</size>
      </object_component>
      <object_component id="oc-11a">
         <name>.common:g_pi16Samples</name>
         <uninitialized>true</uninitialized>
         <run_address>0x20005250</run_address>
         <size>0x10</size>
      </object_component>
      <object_component id="oc-114">
         <name>.common:g_i16TouchX</name>
         <uninitialized>true</uninitialized>
         <run_address>0x20005298</run_address>
         <size>0x2</size>
      </object_component>
      <object_component id="oc-115">
         <name>.common:g_i16TouchY</name>
         <uninitialized>true</uninitialized>
         <run_address>0x2000529a</run_address>
         <size>0x2</size>
      </object_component>
      <object_component id="oc-5dd">
         <name>.common:xStart</name>
         <uninitialized>true</uninitialized>
         <run_address>0x20005268</run_address>
         <size>0x8</size>
      </object_component>
      <object_component id="oc-5dc">
         <name>.common:xEnd</name>
         <uninitialized>true</uninitialized>
         <run_address>0x20005260</run_address>
         <size>0x8</size>
      </object_component>
      <object_component id="oc-4f5">
         <name>.common:xDelayedTaskList1</name>
         <uninitialized>true</uninitialized>
         <run_address>0x200051ec</run_address>
         <size>0x14</size>
      </object_component>
      <object_component id="oc-4f6">
         <name>.common:xDelayedTaskList2</name>
         <uninitialized>true</uninitialized>
         <run_address>0x20005200</run_address>
         <size>0x14</size>
      </object_component>
      <object_component id="oc-5fe">
         <name>.common:pxDelayedTaskList</name>
         <uninitialized>true</uninitialized>
         <run_address>0x20005288</run_address>
         <size>0x4</size>
      </object_component>
      <object_component id="oc-5ff">
         <name>.common:pxOverflowDelayedTaskList</name>
         <uninitialized>true</uninitialized>
         <run_address>0x2000528c</run_address>
         <size>0x4</size>
      </object_component>
      <object_component id="oc-5df">
         <name>.common:xPendingReadyList</name>
         <uninitialized>true</uninitialized>
         <run_address>0x20005214</run_address>
         <size>0x14</size>
      </object_component>
      <object_component id="oc-5e9">
         <name>.common:xTasksWaitingTermination</name>
         <uninitialized>true</uninitialized>
         <run_address>0x2000523c</run_address>
         <size>0x14</size>
      </object_component>
      <object_component id="oc-5fc">
         <name>.common:xSuspendedTaskList</name>
         <uninitialized>true</uninitialized>
         <run_address>0x20005228</run_address>
         <size>0x14</size>
      </object_component>
      <object_component id="oc-ad">
         <name>.common:g_pInterrupt</name>
         <uninitialized>true</uninitialized>
         <run_address>0x20005274</run_address>
         <size>0x4</size>
      </object_component>
      <object_component id="oc-af">
         <name>.common:g_pfnTimerHandler</name>
         <uninitialized>true</uninitialized>
         <run_address>0x2000527c</run_address>
         <size>0x4</size>
      </object_component>
      <object_component id="oc-276">
         <name>.common:g_ui32SysClock</name>
         <uninitialized>true</uninitialized>
         <run_address>0x20005280</run_address>
         <size>0x4</size>
      </object_component>
      <object_component id="oc-43b">
         <name>.common:xQueue1</name>
         <uninitialized>true</uninitialized>
         <run_address>0x20005290</run_address>
         <size>0x4</size>
      </object_component>
      <object_component id="oc-43c">
         <name>.common:xQueue2</name>
         <uninitialized>true</uninitialized>
         <run_address>0x20005294</run_address>
         <size>0x4</size>
      </object_component>
      <object_component id="oc-57d">
         <name>.common:g_bTMP100Done</name>
         <uninitialized>true</uninitialized>
         <run_address>0x2000529c</run_address>
         <size>0x1</size>
      </object_component>
      <object_component id="oc-23">
         <name>.stack</name>
         <uninitialized>true</uninitialized>
         <run_address>0x200052a0</run_address>
         <size>0x0</size>
         <input_file_ref idref="fl-145"/>
      </object_component>
      <object_component id="oc-671">
         <name>.stack</name>
         <uninitialized>true</uninitialized>
         <run_address>0x200052a0</run_address>
         <size>0x0</size>
      </object_component>
      <object_component id="oc-f">
         <name>.debug_info</name>
         <load_address>0x0</load_address>
         <run_address>0x0</run_address>
         <size>0xcd</size>
         <input_file_ref idref="fl-12"/>
      </object_component>
      <object_component id="oc-13">
         <name>.debug_info</name>
         <load_address>0xcd</load_address>
         <run_address>0xcd</run_address>
         <size>0xf3</size>
         <input_file_ref idref="fl-145"/>
      </object_component>
      <object_component id="oc-15">
         <name>.debug_info</name>
         <load_address>0x1c0</load_address>
         <run_address>0x1c0</run_address>
         <size>0x194</size>
         <input_file_ref idref="fl-146"/>
      </object_component>
      <object_component id="oc-1d">
         <name>.debug_info</name>
         <load_address>0x354</load_address>
         <run_address>0x354</run_address>
         <size>0x16a</size>
         <input_file_ref idref="fl-148"/>
      </object_component>
      <object_component id="oc-1f">
         <name>.debug_info</name>
         <load_address>0x4be</load_address>
         <run_address>0x4be</run_address>
         <size>0x18e</size>
         <input_file_ref idref="fl-147"/>
      </object_component>
      <object_component id="oc-26">
         <name>.debug_info</name>
         <load_address>0x64c</load_address>
         <run_address>0x64c</run_address>
         <size>0xfd</size>
         <input_file_ref idref="fl-12"/>
      </object_component>
      <object_component id="oc-2b">
         <name>.debug_info</name>
         <load_address>0x749</load_address>
         <run_address>0x749</run_address>
         <size>0xeb</size>
         <input_file_ref idref="fl-12"/>
      </object_component>
      <object_component id="oc-31">
         <name>.debug_info</name>
         <load_address>0x834</load_address>
         <run_address>0x834</run_address>
         <size>0xf2</size>
         <input_file_ref idref="fl-12"/>
      </object_component>
      <object_component id="oc-34">
         <name>.debug_info</name>
         <load_address>0x926</load_address>
         <run_address>0x926</run_address>
         <size>0x106</size>
         <input_file_ref idref="fl-12"/>
      </object_component>
      <object_component id="oc-39">
         <name>.debug_info</name>
         <load_address>0xa2c</load_address>
         <run_address>0xa2c</run_address>
         <size>0x17d</size>
         <input_file_ref idref="fl-6"/>
      </object_component>
      <object_component id="oc-3d">
         <name>.debug_info</name>
         <load_address>0xba9</load_address>
         <run_address>0xba9</run_address>
         <size>0x1e7</size>
         <input_file_ref idref="fl-7"/>
      </object_component>
      <object_component id="oc-42">
         <name>.debug_info</name>
         <load_address>0xd90</load_address>
         <run_address>0xd90</run_address>
         <size>0x13b</size>
         <input_file_ref idref="fl-2"/>
      </object_component>
      <object_component id="oc-47">
         <name>.debug_info</name>
         <load_address>0xecb</load_address>
         <run_address>0xecb</run_address>
         <size>0x1eb</size>
         <input_file_ref idref="fl-10"/>
      </object_component>
      <object_component id="oc-4c">
         <name>.debug_info</name>
         <load_address>0x10b6</load_address>
         <run_address>0x10b6</run_address>
         <size>0x12b</size>
         <input_file_ref idref="fl-15"/>
      </object_component>
      <object_component id="oc-52">
         <name>.debug_info</name>
         <load_address>0x11e1</load_address>
         <run_address>0x11e1</run_address>
         <size>0x1fe</size>
         <input_file_ref idref="fl-12"/>
      </object_component>
      <object_component id="oc-54">
         <name>.debug_info</name>
         <load_address>0x13df</load_address>
         <run_address>0x13df</run_address>
         <size>0x13d</size>
         <input_file_ref idref="fl-156"/>
      </object_component>
      <object_component id="oc-58">
         <name>.debug_info</name>
         <load_address>0x151c</load_address>
         <run_address>0x151c</run_address>
         <size>0x11c</size>
         <input_file_ref idref="fl-155"/>
      </object_component>
      <object_component id="oc-5d">
         <name>.debug_info</name>
         <load_address>0x1638</load_address>
         <run_address>0x1638</run_address>
         <size>0x1c2</size>
         <input_file_ref idref="fl-149"/>
      </object_component>
      <object_component id="oc-62">
         <name>.debug_info</name>
         <load_address>0x17fa</load_address>
         <run_address>0x17fa</run_address>
         <size>0xbe</size>
         <input_file_ref idref="fl-14d"/>
      </object_component>
      <object_component id="oc-66">
         <name>.debug_info</name>
         <load_address>0x18b8</load_address>
         <run_address>0x18b8</run_address>
         <size>0xcc</size>
         <input_file_ref idref="fl-14b"/>
      </object_component>
      <object_component id="oc-69">
         <name>.debug_info</name>
         <load_address>0x1984</load_address>
         <run_address>0x1984</run_address>
         <size>0x46</size>
         <input_file_ref idref="fl-146"/>
      </object_component>
      <object_component id="oc-6e">
         <name>.debug_info</name>
         <load_address>0x19ca</load_address>
         <run_address>0x19ca</run_address>
         <size>0xf2</size>
         <input_file_ref idref="fl-146"/>
      </object_component>
      <object_component id="oc-70">
         <name>.debug_info</name>
         <load_address>0x1abc</load_address>
         <run_address>0x1abc</run_address>
         <size>0x46</size>
         <input_file_ref idref="fl-148"/>
      </object_component>
      <object_component id="oc-75">
         <name>.debug_info</name>
         <load_address>0x1b02</load_address>
         <run_address>0x1b02</run_address>
         <size>0xad</size>
         <input_file_ref idref="fl-148"/>
      </object_component>
      <object_component id="oc-78">
         <name>.debug_info</name>
         <load_address>0x1baf</load_address>
         <run_address>0x1baf</run_address>
         <size>0x1ef</size>
         <input_file_ref idref="fl-147"/>
      </object_component>
      <object_component id="oc-7c">
         <name>.debug_info</name>
         <load_address>0x1d9e</load_address>
         <run_address>0x1d9e</run_address>
         <size>0xb7</size>
         <input_file_ref idref="fl-147"/>
      </object_component>
      <object_component id="oc-7d">
         <name>.debug_info</name>
         <load_address>0x1e55</load_address>
         <run_address>0x1e55</run_address>
         <size>0x39</size>
         <input_file_ref idref="fl-147"/>
      </object_component>
      <object_component id="oc-87">
         <name>.debug_info</name>
         <load_address>0x1e8e</load_address>
         <run_address>0x1e8e</run_address>
         <size>0x2ef</size>
         <input_file_ref idref="fl-a"/>
      </object_component>
      <object_component id="oc-89">
         <name>.debug_info</name>
         <load_address>0x217d</load_address>
         <run_address>0x217d</run_address>
         <size>0x207</size>
         <input_file_ref idref="fl-a"/>
      </object_component>
      <object_component id="oc-8f">
         <name>.debug_info</name>
         <load_address>0x2384</load_address>
         <run_address>0x2384</run_address>
         <size>0x23b</size>
         <input_file_ref idref="fl-a"/>
      </object_component>
      <object_component id="oc-96">
         <name>.debug_info</name>
         <load_address>0x25bf</load_address>
         <run_address>0x25bf</run_address>
         <size>0x187</size>
         <input_file_ref idref="fl-2"/>
      </object_component>
      <object_component id="oc-9a">
         <name>.debug_info</name>
         <load_address>0x2746</load_address>
         <run_address>0x2746</run_address>
         <size>0x45a</size>
         <input_file_ref idref="fl-2"/>
      </object_component>
      <object_component id="oc-9f">
         <name>.debug_info</name>
         <load_address>0x2ba0</load_address>
         <run_address>0x2ba0</run_address>
         <size>0x1c7</size>
         <input_file_ref idref="fl-15d"/>
      </object_component>
      <object_component id="oc-a4">
         <name>.debug_info</name>
         <load_address>0x2d67</load_address>
         <run_address>0x2d67</run_address>
         <size>0x332</size>
         <input_file_ref idref="fl-b"/>
      </object_component>
      <object_component id="oc-a9">
         <name>.debug_info</name>
         <load_address>0x3099</load_address>
         <run_address>0x3099</run_address>
         <size>0x190</size>
         <input_file_ref idref="fl-7"/>
      </object_component>
      <object_component id="oc-ae">
         <name>.debug_info</name>
         <load_address>0x3229</load_address>
         <run_address>0x3229</run_address>
         <size>0x15c2</size>
         <input_file_ref idref="fl-10"/>
      </object_component>
      <object_component id="oc-b1">
         <name>.debug_info</name>
         <load_address>0x47eb</load_address>
         <run_address>0x47eb</run_address>
         <size>0x8b</size>
         <input_file_ref idref="fl-2"/>
      </object_component>
      <object_component id="oc-b6">
         <name>.debug_info</name>
         <load_address>0x4876</load_address>
         <run_address>0x4876</run_address>
         <size>0x18b</size>
         <input_file_ref idref="fl-2"/>
      </object_component>
      <object_component id="oc-bc">
         <name>.debug_info</name>
         <load_address>0x4a01</load_address>
         <run_address>0x4a01</run_address>
         <size>0x418</size>
         <input_file_ref idref="fl-166"/>
      </object_component>
      <object_component id="oc-c1">
         <name>.debug_info</name>
         <load_address>0x4e19</load_address>
         <run_address>0x4e19</run_address>
         <size>0xd9</size>
         <input_file_ref idref="fl-15"/>
      </object_component>
      <object_component id="oc-c5">
         <name>.debug_info</name>
         <load_address>0x4ef2</load_address>
         <run_address>0x4ef2</run_address>
         <size>0x84</size>
         <input_file_ref idref="fl-3"/>
      </object_component>
      <object_component id="oc-cb">
         <name>.debug_info</name>
         <load_address>0x4f76</load_address>
         <run_address>0x4f76</run_address>
         <size>0x14b</size>
         <input_file_ref idref="fl-157"/>
      </object_component>
      <object_component id="oc-d1">
         <name>.debug_info</name>
         <load_address>0x50c1</load_address>
         <run_address>0x50c1</run_address>
         <size>0x280</size>
         <input_file_ref idref="fl-15"/>
      </object_component>
      <object_component id="oc-d6">
         <name>.debug_info</name>
         <load_address>0x5341</load_address>
         <run_address>0x5341</run_address>
         <size>0x11b</size>
         <input_file_ref idref="fl-155"/>
      </object_component>
      <object_component id="oc-d8">
         <name>.debug_info</name>
         <load_address>0x545c</load_address>
         <run_address>0x545c</run_address>
         <size>0xc8</size>
         <input_file_ref idref="fl-154"/>
      </object_component>
      <object_component id="oc-da">
         <name>.debug_info</name>
         <load_address>0x5524</load_address>
         <run_address>0x5524</run_address>
         <size>0xeb</size>
         <input_file_ref idref="fl-149"/>
      </object_component>
      <object_component id="oc-dc">
         <name>.debug_info</name>
         <load_address>0x560f</load_address>
         <run_address>0x560f</run_address>
         <size>0x146</size>
         <input_file_ref idref="fl-149"/>
      </object_component>
      <object_component id="oc-e0">
         <name>.debug_info</name>
         <load_address>0x5755</load_address>
         <run_address>0x5755</run_address>
         <size>0x2c</size>
         <input_file_ref idref="fl-146"/>
[...]
      </symbol>
      <symbol id="sm-3cd">
         <name>xTaskResumeAll</name>
         <value>0x24e5</value>
         <object_component_ref idref="oc-509"/>
      </symbol>
      <symbol id="sm-3ce">
         <name>xTaskGenericCreate</name>
         <value>0x2405</value>
         <object_component_ref idref="oc-258"/>
      </symbol>
      <symbol id="sm-3cf">
         <name>pxCurrentTCB</name>
         <value>0x200062a0</value>
         <object_component_ref idref="oc-86"/>
      </symbol>
      <symbol id="sm-3d0">
         <name>vTaskSetTimeOutState</name>
         <value>0x4391</value>
         <object_component_ref idref="oc-542"/>
      </symbol>
      <symbol id="sm-3d1">
         <name>xTaskIncrementTick</name>
         <value>0x20fd</value>
         <object_component_ref idref="oc-8e"/>
      </symbol>
      <symbol id="sm-3d2">
         <name>vTaskSwitchContext</name>
         <value>0x2b61</value>
         <object_component_ref idref="oc-88"/>
      </symbol>
      <symbol id="sm-3d3">
         <name>xTaskGetCurrentTaskHandle</name>
         <value>0x4531</value>
         <object_component_ref idref="oc-58e"/>
      </symbol>
      <symbol id="sm-3d4">
         <name>xTaskRemoveFromEventList</name>
         <value>0x3175</value>
         <object_component_ref idref="oc-135"/>
      </symbol>
      <symbol id="sm-454">
         <name>xQueueGenericSendFromISR</name>
         <value>0x380d</value>
         <object_component_ref idref="oc-a3"/>
      </symbol>
      <symbol id="sm-455">
         <name>xQueueGenericCreate</name>
         <value>0x3a41</value>
         <object_component_ref idref="oc-25d"/>
      </symbol>
      <symbol id="sm-456">
         <name>xQueueGenericSend</name>
         <value>0x274b</value>
         <object_component_ref idref="oc-407"/>
      </symbol>
      <symbol id="sm-457">
         <name>xQueueGenericReset</name>
         <value>0x3105</value>
         <object_component_ref idref="oc-3b2"/>
      </symbol>
      <symbol id="sm-458">
         <name>xQueueGenericReceive</name>
         <value>0x2211</value>
         <object_component_ref idref="oc-431"/>
      </symbol>
      <symbol id="sm-483">
         <name>uxListRemove</name>
         <value>0x4273</value>
         <object_component_ref idref="oc-102"/>
      </symbol>
      <symbol id="sm-484">
         <name>vListInsert</name>
         <value>0x3f17</value>
         <object_component_ref idref="oc-5f7"/>
      </symbol>
      <symbol id="sm-485">
         <name>vListInitialiseItem</name>
         <value>0x458b</value>
         <object_component_ref idref="oc-4e6"/>
      </symbol>
      <symbol id="sm-486">
         <name>vListInsertEnd</name>
         <value>0x4379</value>
         <object_component_ref idref="oc-107"/>
      </symbol>
      <symbol id="sm-487">
         <name>vListInitialise</name>
         <value>0x43d5</value>
         <object_component_ref idref="oc-4f0"/>
      </symbol>
      <symbol id="sm-527">
         <name>uvsnprintf</name>
         <value>0x13e5</value>
         <object_component_ref idref="oc-594"/>
      </symbol>
      <symbol id="sm-528">
         <name>ustrncpy</name>
         <value>0x4251</value>
         <object_component_ref idref="oc-62e"/>
      </symbol>
      <symbol id="sm-529">
         <name>usprintf</name>
         <value>0x42b5</value>
         <object_component_ref idref="oc-436"/>
      </symbol>
      <symbol id="sm-59e">
         <name>g_pfnTimerHandler</name>
         <value>0x2000527c</value>
      </symbol>
      <symbol id="sm-59f">
         <name>lwIPEthernetIntHandler</name>
         <value>0x2f31</value>
         <object_component_ref idref="oc-46"/>
      </symbol>
      <symbol id="sm-5d4">
         <name>ResetISR</name>
         <value>0x4579</value>
         <object_component_ref idref="oc-24"/>
      </symbol>
      <symbol id="sm-5d5">
         <name>g_pfnVectors</name>
         <value>0x0</value>
         <object_component_ref idref="oc-e"/>
      </symbol>
      <symbol id="sm-5e9">
         <name>vApplicationStackOverflowHook</name>
         <value>0x3ccb</value>
         <object_component_ref idref="oc-f4"/>
      </symbol>
      <symbol id="sm-5ea">
         <name>vApplicationIdleHook</name>
         <value>0x3b1f</value>
         <object_component_ref idref="oc-521"/>
      </symbol>
      <symbol id="sm-661">
         <name>g_ui32SysClock</name>
         <value>0x20005280</value>
      </symbol>
      <symbol id="sm-662">
         <name>xQueue1</name>
         <value>0x20005290</value>
      </symbol>
      <symbol id="sm-663">
         <name>xQueue2</name>
         <value>0x20005294</value>
      </symbol>
      <symbol id="sm-664">
         <name>g_bTMP100Done</name>
         <value>0x2000529c</value>
      </symbol>
      <symbol id="sm-665">
         <name>TMP100Callback</name>
         <value>0x450d</value>
         <object_component_ref idref="oc-429"/>
      </symbol>
      <symbol id="sm-666">
         <name>vTimeTask</name>
         <value>0x4131</value>
         <object_component_ref idref="oc-27a"/>
      </symbol>
      <symbol id="sm-667">
         <name>vTemperatureTask</name>
         <value>0x2d29</value>
         <object_component_ref idref="oc-27f"/>
      </symbol>
      <symbol id="sm-668">
         <name>sTMP100</name>
         <value>0x200051a0</value>
         <object_component_ref idref="oc-427"/>
      </symbol>
      <symbol id="sm-669">
         <name>g_sI2CMSimpleInst</name>
         <value>0x20005050</value>
         <object_component_ref idref="oc-c0"/>
      </symbol>
      <symbol id="sm-66a">
         <name>main</name>
         <value>0x19f1</value>
         <object_component_ref idref="oc-d0"/>
      </symbol>
      <symbol id="sm-66b">
         <name>I2CMSimpleIntHandler</name>
         <value>0x44d1</value>
         <object_component_ref idref="oc-4b"/>
      </symbol>
      <symbol id="sm-66c">
         <name>g_sContext</name>
         <value>0x20005174</value>
         <object_component_ref idref="oc-28b"/>
      </symbol>
      <symbol id="sm-66d">
         <name>vDisplayTask</name>
         <value>0x25b5</value>
         <object_component_ref idref="oc-284"/>
      </symbol>
      <symbol id="sm-67c">
         <name>_c_int00</name>
         <value>0x3b69</value>
         <object_component_ref idref="oc-10"/>
      </symbol>
      <symbol id="sm-67d">
         <name>__stack</name>
         <value>0x200052a0</value>
         <object_component_ref idref="oc-23"/>
      </symbol>
      <symbol id="sm-693">
         <name>__TI_decompress_none</name>
         <value>0x44c3</value>
         <object_component_ref idref="oc-14"/>
      </symbol>
      <symbol id="sm-6b5">
         <name>__TI_decompress_rle24</name>
         <value>0x4585</value>
         <object_component_ref idref="oc-1e"/>
      </symbol>
      <symbol id="sm-6c8">
         <name>__TI_zero_init</name>
         <value>0x4461</value>
         <object_component_ref idref="oc-19"/>
      </symbol>
      <symbol id="sm-6e4">
         <name>C$$EXIT</name>
         <value>0x3d11</value>
         <object_component_ref idref="oc-5c"/>
      </symbol>
      <symbol id="sm-6e5">
         <name>abort</name>
         <value>0x3d15</value>
         <object_component_ref idref="oc-5c"/>
      </symbol>
      <symbol id="sm-6e6">
         <name>exit</name>
         <value>0x3d1d</value>
         <object_component_ref idref="oc-5c"/>
      </symbol>
      <symbol id="sm-6e7">
         <name>__TI_dtors_ptr</name>
         <value>0x200062e4</value>
         <object_component_ref idref="oc-d9"/>
      </symbol>
      <symbol id="sm-6e8">
         <name>__TI_cleanup_ptr</name>
         <value>0x200062e0</value>
         <object_component_ref idref="oc-d9"/>
      </symbol>
      <symbol id="sm-6f7">
         <name>memcmp</name>
         <value>0x422f</value>
         <object_component_ref idref="oc-f9"/>
      </symbol>
      <symbol id="sm-711">
         <name>memcpy</name>
         <value>0x2ac3</value>
         <object_component_ref idref="oc-64"/>
      </symbol>
      <symbol id="sm-712">
         <name>__aeabi_memcpy</name>
         <value>0x2ac3</value>
         <object_component_ref idref="oc-64"/>
      </symbol>
      <symbol id="sm-713">
         <name>__aeabi_memcpy8</name>
         <value>0x2ac3</value>
         <object_component_ref idref="oc-64"/>
      </symbol>
      <symbol id="sm-714">
         <name>__aeabi_memcpy4</name>
         <value>0x2ac3</value>
         <object_component_ref idref="oc-64"/>
      </symbol>
      <symbol id="sm-722">
         <name>__aeabi_memset</name>
         <value>0x2fab</value>
         <object_component_ref idref="oc-4e1"/>
      </symbol>
      <symbol id="sm-723">
         <name>memset</name>
         <value>0x2fb1</value>
         <object_component_ref idref="oc-4e1"/>
      </symbol>
      <symbol id="sm-724">
         <name>__aeabi_memset8</name>
         <value>0x2fab</value>
         <object_component_ref idref="oc-4e1"/>
      </symbol>
      <symbol id="sm-725">
         <name>__aeabi_memset4</name>
         <value>0x2fab</value>
         <object_component_ref idref="oc-4e1"/>
      </symbol>
      <symbol id="sm-726">
         <name>__aeabi_memclr8</name>
         <value>0x2fa9</value>
         <object_component_ref idref="oc-4e1"/>
      </symbol>
      <symbol id="sm-727">
         <name>__aeabi_memclr4</name>
         <value>0x2fa9</value>
         <object_component_ref idref="oc-4e1"/>
      </symbol>
      <symbol id="sm-728">
         <name>__aeabi_memclr</name>
         <value>0x2fa9</value>
         <object_component_ref idref="oc-4e1"/>
      </symbol>
      <symbol id="sm-72f">
         <name>main_func_sp</name>
         <value>0x200062ec</value>
         <object_component_ref idref="oc-61"/>
      </symbol>
      <symbol id="sm-743">
         <name>__aeabi_uidivmod</name>
         <value>0x3ddd</value>
         <object_component_ref idref="oc-633"/>
      </symbol>
      <symbol id="sm-759">
         <name>_nop</name>
         <value>0x440f</value>
         <object_component_ref idref="oc-295"/>
      </symbol>
      <symbol id="sm-75a">
         <name>_lock</name>
         <value>0x200062d8</value>
         <object_component_ref idref="oc-d7"/>
      </symbol>
      <symbol id="sm-75b">
         <name>_unlock</name>
         <value>0x200062dc</value>
         <object_component_ref idref="oc-d7"/>
      </symbol>
      <symbol id="sm-75c">
         <name>_register_lock</name>
         <value>0x4407</value>
         <object_component_ref idref="oc-295"/>
      </symbol>
      <symbol id="sm-75d">
         <name>_register_unlock</name>
         <value>0x4401</value>
         <object_component_ref idref="oc-295"/>
      </symbol>
      <symbol id="sm-770">
         <name>_args_main</name>
         <value>0x4361</value>
         <object_component_ref idref="oc-57"/>
      </symbol>
      <symbol id="sm-78c">
         <name>__TI_auto_init</name>
         <value>0x2c95</value>
         <object_component_ref idref="oc-53"/>
      </symbol>
      <symbol id="sm-7a4">
         <name>copy_in</name>
         <value>0x3ccd</value>
         <object_component_ref idref="oc-ca"/>
      </symbol>
      <symbol id="sm-7cd">
         <name>SysCtlDelay</name>
         <value>0x457f</value>
         <object_component_ref idref="oc-31d"/>
      </symbol>
      <symbol id="sm-7ce">
         <name>SysCtlMOSCConfigSet</name>
         <value>0x4501</value>
         <object_component_ref idref="oc-249"/>
      </symbol>
      <symbol id="sm-7cf">
         <name>SysCtlPeripheralEnable</name>
         <value>0x3ff1</value>
         <object_component_ref idref="oc-24e"/>
      </symbol>
      <symbol id="sm-804">
         <name>LCDIDDConfigSet</name>
         <value>0x45a1</value>
         <object_component_ref idref="oc-328"/>
      </symbol>
      <symbol id="sm-805">
         <name>LCDDMAConfigSet</name>
         <value>0x459d</value>
         <object_component_ref idref="oc-323"/>
      </symbol>
      <symbol id="sm-806">
         <name>LCDIDDDataWrite</name>
         <value>0x44f5</value>
         <object_component_ref idref="oc-337"/>
      </symbol>
      <symbol id="sm-807">
         <name>LCDIDDCommandWrite</name>
         <value>0x44e9</value>
         <object_component_ref idref="oc-332"/>
      </symbol>
      <symbol id="sm-808">
         <name>LCDIDDTimingSet</name>
         <value>0x3f4f</value>
         <object_component_ref idref="oc-32d"/>
      </symbol>
      <symbol id="sm-809">
         <name>LCDModeSet</name>
         <value>0x41eb</value>
         <object_component_ref idref="oc-31e"/>
      </symbol>
      <symbol id="sm-857">
         <name>IntIsEnabled</name>
         <value>0x33f5</value>
         <object_component_ref idref="oc-601"/>
      </symbol>
      <symbol id="sm-858">
         <name>IntEnable</name>
         <value>0x35dd</value>
         <object_component_ref idref="oc-379"/>
      </symbol>
      <symbol id="sm-859">
         <name>IntTrigger</name>
         <value>0x44dd</value>
         <object_component_ref idref="oc-60b"/>
      </symbol>
      <symbol id="sm-85a">
         <name>IntDisable</name>
         <value>0x357d</value>
         <object_component_ref idref="oc-606"/>
      </symbol>
      <symbol id="sm-883">
         <name>GPIODirModeSet</name>
         <value>0x4089</value>
         <object_component_ref idref="oc-479"/>
      </symbol>
      <symbol id="sm-884">
         <name>GPIOPinWrite</name>
         <value>0x456d</value>
         <object_component_ref idref="oc-318"/>
      </symbol>
      <symbol id="sm-885">
         <name>GPIOPadConfigSet</name>
         <value>0x1fcd</value>
         <object_component_ref idref="oc-47e"/>
      </symbol>
      <symbol id="sm-886">
         <name>GPIOPinTypeEthernetLED</name>
         <value>0x443d</value>
         <object_component_ref idref="oc-312"/>
      </symbol>
      <symbol id="sm-89c">
         <name>EMACTimestampIntStatus</name>
         <value>0x4567</value>
         <object_component_ref idref="oc-9e"/>
      </symbol>
      <symbol id="sm-8bd">
         <name>g_sFontCmss18b</name>
         <value>0x7d40</value>
         <object_component_ref idref="oc-36d"/>
      </symbol>
      <symbol id="sm-9da">
         <name>GrFontInfoGet</name>
         <value>0x4159</value>
         <object_component_ref idref="oc-3cd"/>
      </symbol>
      <symbol id="sm-9db">
         <name>GrDefaultStringRenderer</name>
         <value>0x2681</value>
         <object_component_ref idref="oc-343"/>
      </symbol>
      <symbol id="sm-9dc">
         <name>GrFontGlyphRender</name>
         <value>0x117f</value>
         <object_component_ref idref="oc-48f"/>
      </symbol>
      <symbol id="sm-9dd">
         <name>GrContextFontSet</name>
         <value>0x4573</value>
         <object_component_ref idref="oc-358"/>
      </symbol>
      <symbol id="sm-9de">
         <name>GrFontGlyphDataGet</name>
         <value>0x41c9</value>
         <object_component_ref idref="oc-3c8"/>
      </symbol>
      <symbol id="sm-9df">
         <name>GrStringDraw</name>
         <value>0x444f</value>
         <object_component_ref idref="oc-271"/>
      </symbol>
      <symbol id="sm-9e0">
         <name>GrFontCodepageGet</name>
         <value>0x42d5</value>
         <object_component_ref idref="oc-5c0"/>
      </symbol>
      <symbol id="sm-9e1">
         <name>GrStringNextCharGet</name>
         <value>0x40dd</value>
         <object_component_ref idref="oc-3c3"/>
      </symbol>
      <symbol id="sm-9e2">
         <name>GrStringWidthGet</name>
         <value>0x32bd</value>
         <object_component_ref idref="oc-267"/>
      </symbol>
      <symbol id="sm-9e3">
         <name>GrFontBaselineGet</name>
         <value>0x40b3</value>
         <object_component_ref idref="oc-26c"/>
      </symbol>
      <symbol id="sm-acb">
         <name>GrImageDraw</name>
         <value>0x44b5</value>
         <object_component_ref idref="oc-353"/>
      </symbol>
      <symbol id="sm-af6">
         <name>GrContextInit</name>
         <value>0x3391</value>
         <object_component_ref idref="oc-23f"/>
      </symbol>
      <symbol id="sm-af7">
         <name>GrContextClipRegionSet</name>
         <value>0x3459</value>
         <object_component_ref idref="oc-34e"/>
      </symbol>
      <symbol id="sm-af8">
         <name>g_psDefaultCodePointMapTable</name>
         <value>0x7f94</value>
         <object_component_ref idref="oc-348"/>
      </symbol>
      <symbol id="sm-b04">
         <name>GrMapISO8859_1_Unicode</name>
         <value>0x4547</value>
         <object_component_ref idref="oc-49a"/>
      </symbol>
      <symbol id="sm-b50">
         <name>TMP100DataTemperatureGetFloat</name>
         <value>0x4181</value>
         <object_component_ref idref="oc-422"/>
      </symbol>
      <symbol id="sm-b51">
         <name>TMP100DataRead</name>
         <value>0x38b9</value>
         <object_component_ref idref="oc-41d"/>
      </symbol>
      <symbol id="sm-b52">
         <name>TMP100ReadModifyWrite</name>
         <value>0x2e39</value>
         <object_component_ref idref="oc-418"/>
      </symbol>
      <symbol id="sm-b53">
         <name>TMP100Init</name>
         <value>0x3909</value>
         <object_component_ref idref="oc-413"/>
      </symbol>
      <symbol id="sm-c43">
         <name>I2CMCommand</name>
         <value>0x2db5</value>
         <object_component_ref idref="oc-562"/>
      </symbol>
      <symbol id="sm-c44">
         <name>I2CMReadModifyWrite16LE</name>
         <value>0x3021</value>
         <object_component_ref idref="oc-56e"/>
      </symbol>
      <symbol id="sm-c45">
         <name>I2CMInit</name>
         <value>0x3fbb</value>
         <object_component_ref idref="oc-253"/>
      </symbol>
      <symbol id="sm-c46">
         <name>I2CMReadModifyWrite8</name>
         <value>0x3095</value>
         <object_component_ref idref="oc-573"/>
      </symbol>
      <symbol id="sm-c47">
         <name>I2CMIntHandler</name>
         <value>0x2311</value>
         <object_component_ref idref="oc-bb"/>
      </symbol>
      <symbol id="sm-c88">
         <name>I2CMasterDataPut</name>
         <value>0x4599</value>
         <object_component_ref idref="oc-2f6"/>
      </symbol>
      <symbol id="sm-c89">
         <name>I2CMasterInitExpClk</name>
         <value>0x3b21</value>
         <object_component_ref idref="oc-374"/>
      </symbol>
      <symbol id="sm-c8a">
         <name>I2CMasterSlaveAddrSet</name>
         <value>0x455f</value>
         <object_component_ref idref="oc-2ef"/>
      </symbol>
      <symbol id="sm-c8b">
         <name>I2CMasterDataGet</name>
         <value>0x4595</value>
         <object_component_ref idref="oc-2e6"/>
      </symbol>
      <symbol id="sm-c8c">
         <name>I2CMasterIntEnableEx</name>
         <value>0x4557</value>
         <object_component_ref idref="oc-37e"/>
      </symbol>
      <symbol id="sm-c8d">
         <name>I2CMasterControl</name>
         <value>0x4591</value>
         <object_component_ref idref="oc-1e9"/>
      </symbol>
      <symbol id="sm-c8e">
         <name>I2CMasterEnable</name>
         <value>0x453d</value>
         <object_component_ref idref="oc-4d6"/>
      </symbol>
      <symbol id="sm-c8f">
         <name>I2CMasterIntClear</name>
         <value>0x454f</value>
         <object_component_ref idref="oc-1e4"/>
      </symbol>
      <symbol id="sm-c90">
         <name>__TI_static_base__</name>
         <value>0x0</value>
      </symbol>
      <symbol id="sm-c91">
         <name>__TI_args_main</name>
         <value>0x1</value>
      </symbol>
      <symbol id="sm-c92">
         <name>SHT$$INIT_ARRAY$$Limit</name>
         <value>0x0</value>
      </symbol>
      <symbol id="sm-c93">
         <name>SHT$$INIT_ARRAY$$Base</name>
         <value>0x0</value>
      </symbol>
   </symbol_table>
   <title>Link successful</title>
</link_info>
